atomA:	Sw<3,4,3> o smem_ptr[16b](unset) o (_8,_64):(_64,_1)
gtensor         : ptr[16b](0x7f1bfd000000) o (128,64):(64,_1)
slayout         : ((_8,_16),(_64,_1)):((_64,_512),(_1,_0))
cta_v_map       : (_128,_64):(_1@0,_1@1)
inv_smem_layout : (_64,_128):(_128,_1)
sidx2gmode_full : (_64,_128):(_1@1,_1@0)
smem_rank  : _2
sidx2gmode : (_64,_128):(_1@1,_1@0)
tile_gstride : (_64,_128):(_1,64)
tma_gstride  : (_64,_128):(_1,64)
gbasis       : (128,64):(_1@0,_1@1)
tile_gbasis  : (_64,_128):(_1@1,_1@0)
tma_gbasis   : (_64,_128):(_1@1,_1@0)
num_multicast: 1
BEFORE smem_box_shape: 1 128
AFTER smem_box_shape: 1 128
TMA Desc Addr:   0x7ffd3de5a180
format         6
dim            2
gmem_address   0x7f1bfd000000
globalDim      (64,128,1,1,1)
globalStrides  (2,128,0,0,0)
boxDim         (64,128,1,1,1)
elementStrides (1,1,1,1,1)
interleave     0
swizzle        3
l2Promotion    2
oobFill        0
num_bits_per_tma :  131072
g_stride_bases   :  (_1@1,_1@0)
gtensor         : ptr[16b](0x7f1bfd004000) o (128,64):(64,_1)
slayout         : ((_8,_16),(_64,_1)):((_64,_512),(_1,_0))
cta_v_map       : (_128,_64):(_1@0,_1@1)
inv_smem_layout : (_64,_128):(_128,_1)
sidx2gmode_full : (_64,_128):(_1@1,_1@0)
smem_rank  : _2
sidx2gmode : (_64,_128):(_1@1,_1@0)
tile_gstride : (_64,_128):(_1,64)
tma_gstride  : (_64,_128):(_1,64)
gbasis       : (128,64):(_1@0,_1@1)
tile_gbasis  : (_64,_128):(_1@1,_1@0)
tma_gbasis   : (_64,_128):(_1@1,_1@0)
num_multicast: 1
BEFORE smem_box_shape: 1 128
AFTER smem_box_shape: 1 128
TMA Desc Addr:   0x7ffd3de5a180
format         6
dim            2
gmem_address   0x7f1bfd004000
globalDim      (64,128,1,1,1)
globalStrides  (2,128,0,0,0)
boxDim         (64,128,1,1,1)
elementStrides (1,1,1,1,1)
interleave     0
swizzle        3
l2Promotion    2
oobFill        0
num_bits_per_tma :  131072
g_stride_bases   :  (_1@1,_1@0)
/home/jeromeku/transformerengine/3rdparty/cutlass/include/cutlass/cluster_launch.hpp:178  ClusterLauncher: Setting ClusterDims = (1, 1, 1)

/home/jeromeku/transformerengine/3rdparty/cutlass/include/cutlass/cluster_launch.hpp:128  Checking previous error state before calling cudaFuncSetAttribute
/home/jeromeku/transformerengine/3rdparty/cutlass/include/cutlass/cluster_launch.hpp:138  Calling cudaFuncSetAttribute
/home/jeromeku/transformerengine/3rdparty/cutlass/include/cutlass/cluster_launch.hpp:242  ClusterLauncher: Launching GridDims = (1, 1, 1), And ClusterDims = (1, 1, 1)

mA:	ArithTuple(_0,_0) o (128,64):(_1@1,_1@0)
gA:	ArithTuple(_0,0) o (_128,_64,1):(_1@1,_1@0,_64@0)
sA:	Sw<3,4,3>_smem_ptr[16b](0x7f1d00000400) o ((_8,_16),(_64,_1),(_1,_1)):((_64,_512),(_1,_0),(_0,_0))
tAgA:	ArithTuple(_0,0) o (((_64,_128),_1),1):(((_1@0,_1@1),_0),_64@0)
tAsA:	Sw<3,4,3>_smem_ptr[16b](0x7f1d00000400) o ((_8192,_1),(_1,_1)):((_1,_0),(_0,_0))
K_PIPE_MAX:	_1
k_tile_count:	1
AFTER TMA: tAsA:
num_rows:	128
num_cols:	_64
gmemA:
   0    1    2    3    4    5    6    7    8    9   10   11   12   13   14   15   16   17   18   19   20   21   22   23   24   25   26   27   28   29   30   31   32   33   34   35   36   37   38   39   40   41   42   43   44   45   46   47   48   49   50   51   52   53   54   55   56   57   58   59   60   61   62   63 
  64   65   66   67   68   69   70   71   72   73   74   75   76   77   78   79   80   81   82   83   84   85   86   87   88   89   90   91   92   93   94   95   96   97   98   99  100  101  102  103  104  105  106  107  108  109  110  111  112  113  114  115  116  117  118  119  120  121  122  123  124  125  126  127 
 128  129  130  131  132  133  134  135  136  137  138  139  140  141  142  143  144  145  146  147  148  149  150  151  152  153  154  155  156  157  158  159  160  161  162  163  164  165  166  167  168  169  170  171  172  173  174  175  176  177  178  179  180  181  182  183  184  185  186  187  188  189  190  191 
 192  193  194  195  196  197  198  199  200  201  202  203  204  205  206  207  208  209  210  211  212  213  214  215  216  217  218  219  220  221  222  223  224  225  226  227  228  229  230  231  232  233  234  235  236  237  238  239  240  241  242  243  244  245  246  247  248  249  250  251  252  253  254  255 
 256  257  258  259  260  261  262  263  264  265  266  267  268  269  270  271  272  273  274  275  276  277  278  279  280  281  282  283  284  285  286  287  288  289  290  291  292  293  294  295  296  297  298  299  300  301  302  303  304  305  306  307  308  309  310  311  312  313  314  315  316  317  318  319 
 320  321  322  323  324  325  326  327  328  329  330  331  332  333  334  335  336  337  338  339  340  341  342  343  344  345  346  347  348  349  350  351  352  353  354  355  356  357  358  359  360  361  362  363  364  365  366  367  368  369  370  371  372  373  374  375  376  377  378  379  380  381  382  383 
 384  385  386  387  388  389  390  391  392  393  394  395  396  397  398  399  400  401  402  403  404  405  406  407  408  409  410  411  412  413  414  415  416  417  418  419  420  421  422  423  424  425  426  427  428  429  430  431  432  433  434  435  436  437  438  439  440  441  442  443  444  445  446  447 
 448  449  450  451  452  453  454  455  456  457  458  459  460  461  462  463  464  465  466  467  468  469  470  471  472  473  474  475  476  477  478  479  480  481  482  483  484  485  486  487  488  489  490  491  492  493  494  495  496  497  498  499  500  501  502  503  504  505  506  507  508  509  510  511 
 512  513  514  515  516  517  518  519  520  521  522  523  524  525  526  527  528  529  530  531  532  533  534  535  536  537  538  539  540  541  542  543  544  545  546  547  548  549  550  551  552  553  554  555  556  557  558  559  560  561  562  563  564  565  566  567  568  569  570  571  572  573  574  575 
 576  577  578  579  580  581  582  583  584  585  586  587  588  589  590  591  592  593  594  595  596  597  598  599  600  601  602  603  604  605  606  607  608  609  610  611  612  613  614  615  616  617  618  619  620  621  622  623  624  625  626  627  628  629  630  631  632  633  634  635  636  637  638  639 
 640  641  642  643  644  645  646  647  648  649  650  651  652  653  654  655  656  657  658  659  660  661  662  663  664  665  666  667  668  669  670  671  672  673  674  675  676  677  678  679  680  681  682  683  684  685  686  687  688  689  690  691  692  693  694  695  696  697  698  699  700  701  702  703 
 704  705  706  707  708  709  710  711  712  713  714  715  716  717  718  719  720  721  722  723  724  725  726  727  728  729  730  731  732  733  734  735  736  737  738  739  740  741  742  743  744  745  746  747  748  749  750  751  752  753  754  755  756  757  758  759  760  761  762  763  764  765  766  767 
 768  769  770  771  772  773  774  775  776  777  778  779  780  781  782  783  784  785  786  787  788  789  790  791  792  793  794  795  796  797  798  799  800  801  802  803  804  805  806  807  808  809  810  811  812  813  814  815  816  817  818  819  820  821  822  823  824  825  826  827  828  829  830  831 
 832  833  834  835  836  837  838  839  840  841  842  843  844  845  846  847  848  849  850  851  852  853  854  855  856  857  858  859  860  861  862  863  864  865  866  867  868  869  870  871  872  873  874  875  876  877  878  879  880  881  882  883  884  885  886  887  888  889  890  891  892  893  894  895 
 896  897  898  899  900  901  902  903  904  905  906  907  908  909  910  911  912  913  914  915  916  917  918  919  920  921  922  923  924  925  926  927  928  929  930  931  932  933  934  935  936  937  938  939  940  941  942  943  944  945  946  947  948  949  950  951  952  953  954  955  956  957  958  959 
 960  961  962  963  964  965  966  967  968  969  970  971  972  973  974  975  976  977  978  979  980  981  982  983  984  985  986  987  988  989  990  991  992  993  994  995  996  997  998  999 1000 1001 1002 1003 1004 1005 1006 1007 1008 1009 1010 1011 1012 1013 1014 1015 1016 1017 1018 1019 1020 1021 1022 1023 
1024 1025 1026 1027 1028 1029 1030 1031 1032 1033 1034 1035 1036 1037 1038 1039 1040 1041 1042 1043 1044 1045 1046 1047 1048 1049 1050 1051 1052 1053 1054 1055 1056 1057 1058 1059 1060 1061 1062 1063 1064 1065 1066 1067 1068 1069 1070 1071 1072 1073 1074 1075 1076 1077 1078 1079 1080 1081 1082 1083 1084 1085 1086 1087 
1088 1089 1090 1091 1092 1093 1094 1095 1096 1097 1098 1099 1100 1101 1102 1103 1104 1105 1106 1107 1108 1109 1110 1111 1112 1113 1114 1115 1116 1117 1118 1119 1120 1121 1122 1123 1124 1125 1126 1127 1128 1129 1130 1131 1132 1133 1134 1135 1136 1137 1138 1139 1140 1141 1142 1143 1144 1145 1146 1147 1148 1149 1150 1151 
1152 1153 1154 1155 1156 1157 1158 1159 1160 1161 1162 1163 1164 1165 1166 1167 1168 1169 1170 1171 1172 1173 1174 1175 1176 1177 1178 1179 1180 1181 1182 1183 1184 1185 1186 1187 1188 1189 1190 1191 1192 1193 1194 1195 1196 1197 1198 1199 1200 1201 1202 1203 1204 1205 1206 1207 1208 1209 1210 1211 1212 1213 1214 1215 
1216 1217 1218 1219 1220 1221 1222 1223 1224 1225 1226 1227 1228 1229 1230 1231 1232 1233 1234 1235 1236 1237 1238 1239 1240 1241 1242 1243 1244 1245 1246 1247 1248 1249 1250 1251 1252 1253 1254 1255 1256 1257 1258 1259 1260 1261 1262 1263 1264 1265 1266 1267 1268 1269 1270 1271 1272 1273 1274 1275 1276 1277 1278 1279 
1280 1281 1282 1283 1284 1285 1286 1287 1288 1289 1290 1291 1292 1293 1294 1295 1296 1297 1298 1299 1300 1301 1302 1303 1304 1305 1306 1307 1308 1309 1310 1311 1312 1313 1314 1315 1316 1317 1318 1319 1320 1321 1322 1323 1324 1325 1326 1327 1328 1329 1330 1331 1332 1333 1334 1335 1336 1337 1338 1339 1340 1341 1342 1343 
1344 1345 1346 1347 1348 1349 1350 1351 1352 1353 1354 1355 1356 1357 1358 1359 1360 1361 1362 1363 1364 1365 1366 1367 1368 1369 1370 1371 1372 1373 1374 1375 1376 1377 1378 1379 1380 1381 1382 1383 1384 1385 1386 1387 1388 1389 1390 1391 1392 1393 1394 1395 1396 1397 1398 1399 1400 1401 1402 1403 1404 1405 1406 1407 
1408 1409 1410 1411 1412 1413 1414 1415 1416 1417 1418 1419 1420 1421 1422 1423 1424 1425 1426 1427 1428 1429 1430 1431 1432 1433 1434 1435 1436 1437 1438 1439 1440 1441 1442 1443 1444 1445 1446 1447 1448 1449 1450 1451 1452 1453 1454 1455 1456 1457 1458 1459 1460 1461 1462 1463 1464 1465 1466 1467 1468 1469 1470 1471 
1472 1473 1474 1475 1476 1477 1478 1479 1480 1481 1482 1483 1484 1485 1486 1487 1488 1489 1490 1491 1492 1493 1494 1495 1496 1497 1498 1499 1500 1501 1502 1503 1504 1505 1506 1507 1508 1509 1510 1511 1512 1513 1514 1515 1516 1517 1518 1519 1520 1521 1522 1523 1524 1525 1526 1527 1528 1529 1530 1531 1532 1533 1534 1535 
1536 1537 1538 1539 1540 1541 1542 1543 1544 1545 1546 1547 1548 1549 1550 1551 1552 1553 1554 1555 1556 1557 1558 1559 1560 1561 1562 1563 1564 1565 1566 1567 1568 1569 1570 1571 1572 1573 1574 1575 1576 1577 1578 1579 1580 1581 1582 1583 1584 1585 1586 1587 1588 1589 1590 1591 1592 1593 1594 1595 1596 1597 1598 1599 
1600 1601 1602 1603 1604 1605 1606 1607 1608 1609 1610 1611 1612 1613 1614 1615 1616 1617 1618 1619 1620 1621 1622 1623 1624 1625 1626 1627 1628 1629 1630 1631 1632 1633 1634 1635 1636 1637 1638 1639 1640 1641 1642 1643 1644 1645 1646 1647 1648 1649 1650 1651 1652 1653 1654 1655 1656 1657 1658 1659 1660 1661 1662 1663 
1664 1665 1666 1667 1668 1669 1670 1671 1672 1673 1674 1675 1676 1677 1678 1679 1680 1681 1682 1683 1684 1685 1686 1687 1688 1689 1690 1691 1692 1693 1694 1695 1696 1697 1698 1699 1700 1701 1702 1703 1704 1705 1706 1707 1708 1709 1710 1711 1712 1713 1714 1715 1716 1717 1718 1719 1720 1721 1722 1723 1724 1725 1726 1727 
1728 1729 1730 1731 1732 1733 1734 1735 1736 1737 1738 1739 1740 1741 1742 1743 1744 1745 1746 1747 1748 1749 1750 1751 1752 1753 1754 1755 1756 1757 1758 1759 1760 1761 1762 1763 1764 1765 1766 1767 1768 1769 1770 1771 1772 1773 1774 1775 1776 1777 1778 1779 1780 1781 1782 1783 1784 1785 1786 1787 1788 1789 1790 1791 
1792 1793 1794 1795 1796 1797 1798 1799 1800 1801 1802 1803 1804 1805 1806 1807 1808 1809 1810 1811 1812 1813 1814 1815 1816 1817 1818 1819 1820 1821 1822 1823 1824 1825 1826 1827 1828 1829 1830 1831 1832 1833 1834 1835 1836 1837 1838 1839 1840 1841 1842 1843 1844 1845 1846 1847 1848 1849 1850 1851 1852 1853 1854 1855 
1856 1857 1858 1859 1860 1861 1862 1863 1864 1865 1866 1867 1868 1869 1870 1871 1872 1873 1874 1875 1876 1877 1878 1879 1880 1881 1882 1883 1884 1885 1886 1887 1888 1889 1890 1891 1892 1893 1894 1895 1896 1897 1898 1899 1900 1901 1902 1903 1904 1905 1906 1907 1908 1909 1910 1911 1912 1913 1914 1915 1916 1917 1918 1919 
1920 1921 1922 1923 1924 1925 1926 1927 1928 1929 1930 1931 1932 1933 1934 1935 1936 1937 1938 1939 1940 1941 1942 1943 1944 1945 1946 1947 1948 1949 1950 1951 1952 1953 1954 1955 1956 1957 1958 1959 1960 1961 1962 1963 1964 1965 1966 1967 1968 1969 1970 1971 1972 1973 1974 1975 1976 1977 1978 1979 1980 1981 1982 1983 
1984 1985 1986 1987 1988 1989 1990 1991 1992 1993 1994 1995 1996 1997 1998 1999 2000 2001 2002 2003 2004 2005 2006 2007 2008 2009 2010 2011 2012 2013 2014 2015 2016 2017 2018 2019 2020 2021 2022 2023 2024 2025 2026 2027 2028 2029 2030 2031 2032 2033 2034 2035 2036 2037 2038 2039 2040 2041 2042 2043 2044 2045 2046 2047 
2048 2048 2050 2052 2052 2052 2054 2056 2056 2056 2058 2060 2060 2060 2062 2064 2064 2064 2066 2068 2068 2068 2070 2072 2072 2072 2074 2076 2076 2076 2078 2080 2080 2080 2082 2084 2084 2084 2086 2088 2088 2088 2090 2092 2092 2092 2094 2096 2096 2096 2098 2100 2100 2100 2102 2104 2104 2104 2106 2108 2108 2108 2110 2112 
2112 2112 2114 2116 2116 2116 2118 2120 2120 2120 2122 2124 2124 2124 2126 2128 2128 2128 2130 2132 2132 2132 2134 2136 2136 2136 2138 2140 2140 2140 2142 2144 2144 2144 2146 2148 2148 2148 2150 2152 2152 2152 2154 2156 2156 2156 2158 2160 2160 2160 2162 2164 2164 2164 2166 2168 2168 2168 2170 2172 2172 2172 2174 2176 
2176 2176 2178 2180 2180 2180 2182 2184 2184 2184 2186 2188 2188 2188 2190 2192 2192 2192 2194 2196 2196 2196 2198 2200 2200 2200 2202 2204 2204 2204 2206 2208 2208 2208 2210 2212 2212 2212 2214 2216 2216 2216 2218 2220 2220 2220 2222 2224 2224 2224 2226 2228 2228 2228 2230 2232 2232 2232 2234 2236 2236 2236 2238 2240 
2240 2240 2242 2244 2244 2244 2246 2248 2248 2248 2250 2252 2252 2252 2254 2256 2256 2256 2258 2260 2260 2260 2262 2264 2264 2264 2266 2268 2268 2268 2270 2272 2272 2272 2274 2276 2276 2276 2278 2280 2280 2280 2282 2284 2284 2284 2286 2288 2288 2288 2290 2292 2292 2292 2294 2296 2296 2296 2298 2300 2300 2300 2302 2304 
2304 2304 2306 2308 2308 2308 2310 2312 2312 2312 2314 2316 2316 2316 2318 2320 2320 2320 2322 2324 2324 2324 2326 2328 2328 2328 2330 2332 2332 2332 2334 2336 2336 2336 2338 2340 2340 2340 2342 2344 2344 2344 2346 2348 2348 2348 2350 2352 2352 2352 2354 2356 2356 2356 2358 2360 2360 2360 2362 2364 2364 2364 2366 2368 
2368 2368 2370 2372 2372 2372 2374 2376 2376 2376 2378 2380 2380 2380 2382 2384 2384 2384 2386 2388 2388 2388 2390 2392 2392 2392 2394 2396 2396 2396 2398 2400 2400 2400 2402 2404 2404 2404 2406 2408 2408 2408 2410 2412 2412 2412 2414 2416 2416 2416 2418 2420 2420 2420 2422 2424 2424 2424 2426 2428 2428 2428 2430 2432 
2432 2432 2434 2436 2436 2436 2438 2440 2440 2440 2442 2444 2444 2444 2446 2448 2448 2448 2450 2452 2452 2452 2454 2456 2456 2456 2458 2460 2460 2460 2462 2464 2464 2464 2466 2468 2468 2468 2470 2472 2472 2472 2474 2476 2476 2476 2478 2480 2480 2480 2482 2484 2484 2484 2486 2488 2488 2488 2490 2492 2492 2492 2494 2496 
2496 2496 2498 2500 2500 2500 2502 2504 2504 2504 2506 2508 2508 2508 2510 2512 2512 2512 2514 2516 2516 2516 2518 2520 2520 2520 2522 2524 2524 2524 2526 2528 2528 2528 2530 2532 2532 2532 2534 2536 2536 2536 2538 2540 2540 2540 2542 2544 2544 2544 2546 2548 2548 2548 2550 2552 2552 2552 2554 2556 2556 2556 2558 2560 
2560 2560 2562 2564 2564 2564 2566 2568 2568 2568 2570 2572 2572 2572 2574 2576 2576 2576 2578 2580 2580 2580 2582 2584 2584 2584 2586 2588 2588 2588 2590 2592 2592 2592 2594 2596 2596 2596 2598 2600 2600 2600 2602 2604 2604 2604 2606 2608 2608 2608 2610 2612 2612 2612 2614 2616 2616 2616 2618 2620 2620 2620 2622 2624 
2624 2624 2626 2628 2628 2628 2630 2632 2632 2632 2634 2636 2636 2636 2638 2640 2640 2640 2642 2644 2644 2644 2646 2648 2648 2648 2650 2652 2652 2652 2654 2656 2656 2656 2658 2660 2660 2660 2662 2664 2664 2664 2666 2668 2668 2668 2670 2672 2672 2672 2674 2676 2676 2676 2678 2680 2680 2680 2682 2684 2684 2684 2686 2688 
2688 2688 2690 2692 2692 2692 2694 2696 2696 2696 2698 2700 2700 2700 2702 2704 2704 2704 2706 2708 2708 2708 2710 2712 2712 2712 2714 2716 2716 2716 2718 2720 2720 2720 2722 2724 2724 2724 2726 2728 2728 2728 2730 2732 2732 2732 2734 2736 2736 2736 2738 2740 2740 2740 2742 2744 2744 2744 2746 2748 2748 2748 2750 2752 
2752 2752 2754 2756 2756 2756 2758 2760 2760 2760 2762 2764 2764 2764 2766 2768 2768 2768 2770 2772 2772 2772 2774 2776 2776 2776 2778 2780 2780 2780 2782 2784 2784 2784 2786 2788 2788 2788 2790 2792 2792 2792 2794 2796 2796 2796 2798 2800 2800 2800 2802 2804 2804 2804 2806 2808 2808 2808 2810 2812 2812 2812 2814 2816 
2816 2816 2818 2820 2820 2820 2822 2824 2824 2824 2826 2828 2828 2828 2830 2832 2832 2832 2834 2836 2836 2836 2838 2840 2840 2840 2842 2844 2844 2844 2846 2848 2848 2848 2850 2852 2852 2852 2854 2856 2856 2856 2858 2860 2860 2860 2862 2864 2864 2864 2866 2868 2868 2868 2870 2872 2872 2872 2874 2876 2876 2876 2878 2880 
2880 2880 2882 2884 2884 2884 2886 2888 2888 2888 2890 2892 2892 2892 2894 2896 2896 2896 2898 2900 2900 2900 2902 2904 2904 2904 2906 2908 2908 2908 2910 2912 2912 2912 2914 2916 2916 2916 2918 2920 2920 2920 2922 2924 2924 2924 2926 2928 2928 2928 2930 2932 2932 2932 2934 2936 2936 2936 2938 2940 2940 2940 2942 2944 
2944 2944 2946 2948 2948 2948 2950 2952 2952 2952 2954 2956 2956 2956 2958 2960 2960 2960 2962 2964 2964 2964 2966 2968 2968 2968 2970 2972 2972 2972 2974 2976 2976 2976 2978 2980 2980 2980 2982 2984 2984 2984 2986 2988 2988 2988 2990 2992 2992 2992 2994 2996 2996 2996 2998 3000 3000 3000 3002 3004 3004 3004 3006 3008 
3008 3008 3010 3012 3012 3012 3014 3016 3016 3016 3018 3020 3020 3020 3022 3024 3024 3024 3026 3028 3028 3028 3030 3032 3032 3032 3034 3036 3036 3036 3038 3040 3040 3040 3042 3044 3044 3044 3046 3048 3048 3048 3050 3052 3052 3052 3054 3056 3056 3056 3058 3060 3060 3060 3062 3064 3064 3064 3066 3068 3068 3068 3070 3072 
3072 3072 3074 3076 3076 3076 3078 3080 3080 3080 3082 3084 3084 3084 3086 3088 3088 3088 3090 3092 3092 3092 3094 3096 3096 3096 3098 3100 3100 3100 3102 3104 3104 3104 3106 3108 3108 3108 3110 3112 3112 3112 3114 3116 3116 3116 3118 3120 3120 3120 3122 3124 3124 3124 3126 3128 3128 3128 3130 3132 3132 3132 3134 3136 
3136 3136 3138 3140 3140 3140 3142 3144 3144 3144 3146 3148 3148 3148 3150 3152 3152 3152 3154 3156 3156 3156 3158 3160 3160 3160 3162 3164 3164 3164 3166 3168 3168 3168 3170 3172 3172 3172 3174 3176 3176 3176 3178 3180 3180 3180 3182 3184 3184 3184 3186 3188 3188 3188 3190 3192 3192 3192 3194 3196 3196 3196 3198 3200 
3200 3200 3202 3204 3204 3204 3206 3208 3208 3208 3210 3212 3212 3212 3214 3216 3216 3216 3218 3220 3220 3220 3222 3224 3224 3224 3226 3228 3228 3228 3230 3232 3232 3232 3234 3236 3236 3236 3238 3240 3240 3240 3242 3244 3244 3244 3246 3248 3248 3248 3250 3252 3252 3252 3254 3256 3256 3256 3258 3260 3260 3260 3262 3264 
3264 3264 3266 3268 3268 3268 3270 3272 3272 3272 3274 3276 3276 3276 3278 3280 3280 3280 3282 3284 3284 3284 3286 3288 3288 3288 3290 3292 3292 3292 3294 3296 3296 3296 3298 3300 3300 3300 3302 3304 3304 3304 3306 3308 3308 3308 3310 3312 3312 3312 3314 3316 3316 3316 3318 3320 3320 3320 3322 3324 3324 3324 3326 3328 
3328 3328 3330 3332 3332 3332 3334 3336 3336 3336 3338 3340 3340 3340 3342 3344 3344 3344 3346 3348 3348 3348 3350 3352 3352 3352 3354 3356 3356 3356 3358 3360 3360 3360 3362 3364 3364 3364 3366 3368 3368 3368 3370 3372 3372 3372 3374 3376 3376 3376 3378 3380 3380 3380 3382 3384 3384 3384 3386 3388 3388 3388 3390 3392 
3392 3392 3394 3396 3396 3396 3398 3400 3400 3400 3402 3404 3404 3404 3406 3408 3408 3408 3410 3412 3412 3412 3414 3416 3416 3416 3418 3420 3420 3420 3422 3424 3424 3424 3426 3428 3428 3428 3430 3432 3432 3432 3434 3436 3436 3436 3438 3440 3440 3440 3442 3444 3444 3444 3446 3448 3448 3448 3450 3452 3452 3452 3454 3456 
3456 3456 3458 3460 3460 3460 3462 3464 3464 3464 3466 3468 3468 3468 3470 3472 3472 3472 3474 3476 3476 3476 3478 3480 3480 3480 3482 3484 3484 3484 3486 3488 3488 3488 3490 3492 3492 3492 3494 3496 3496 3496 3498 3500 3500 3500 3502 3504 3504 3504 3506 3508 3508 3508 3510 3512 3512 3512 3514 3516 3516 3516 3518 3520 
3520 3520 3522 3524 3524 3524 3526 3528 3528 3528 3530 3532 3532 3532 3534 3536 3536 3536 3538 3540 3540 3540 3542 3544 3544 3544 3546 3548 3548 3548 3550 3552 3552 3552 3554 3556 3556 3556 3558 3560 3560 3560 3562 3564 3564 3564 3566 3568 3568 3568 3570 3572 3572 3572 3574 3576 3576 3576 3578 3580 3580 3580 3582 3584 
3584 3584 3586 3588 3588 3588 3590 3592 3592 3592 3594 3596 3596 3596 3598 3600 3600 3600 3602 3604 3604 3604 3606 3608 3608 3608 3610 3612 3612 3612 3614 3616 3616 3616 3618 3620 3620 3620 3622 3624 3624 3624 3626 3628 3628 3628 3630 3632 3632 3632 3634 3636 3636 3636 3638 3640 3640 3640 3642 3644 3644 3644 3646 3648 
3648 3648 3650 3652 3652 3652 3654 3656 3656 3656 3658 3660 3660 3660 3662 3664 3664 3664 3666 3668 3668 3668 3670 3672 3672 3672 3674 3676 3676 3676 3678 3680 3680 3680 3682 3684 3684 3684 3686 3688 3688 3688 3690 3692 3692 3692 3694 3696 3696 3696 3698 3700 3700 3700 3702 3704 3704 3704 3706 3708 3708 3708 3710 3712 
3712 3712 3714 3716 3716 3716 3718 3720 3720 3720 3722 3724 3724 3724 3726 3728 3728 3728 3730 3732 3732 3732 3734 3736 3736 3736 3738 3740 3740 3740 3742 3744 3744 3744 3746 3748 3748 3748 3750 3752 3752 3752 3754 3756 3756 3756 3758 3760 3760 3760 3762 3764 3764 3764 3766 3768 3768 3768 3770 3772 3772 3772 3774 3776 
3776 3776 3778 3780 3780 3780 3782 3784 3784 3784 3786 3788 3788 3788 3790 3792 3792 3792 3794 3796 3796 3796 3798 3800 3800 3800 3802 3804 3804 3804 3806 3808 3808 3808 3810 3812 3812 3812 3814 3816 3816 3816 3818 3820 3820 3820 3822 3824 3824 3824 3826 3828 3828 3828 3830 3832 3832 3832 3834 3836 3836 3836 3838 3840 
3840 3840 3842 3844 3844 3844 3846 3848 3848 3848 3850 3852 3852 3852 3854 3856 3856 3856 3858 3860 3860 3860 3862 3864 3864 3864 3866 3868 3868 3868 3870 3872 3872 3872 3874 3876 3876 3876 3878 3880 3880 3880 3882 3884 3884 3884 3886 3888 3888 3888 3890 3892 3892 3892 3894 3896 3896 3896 3898 3900 3900 3900 3902 3904 
3904 3904 3906 3908 3908 3908 3910 3912 3912 3912 3914 3916 3916 3916 3918 3920 3920 3920 3922 3924 3924 3924 3926 3928 3928 3928 3930 3932 3932 3932 3934 3936 3936 3936 3938 3940 3940 3940 3942 3944 3944 3944 3946 3948 3948 3948 3950 3952 3952 3952 3954 3956 3956 3956 3958 3960 3960 3960 3962 3964 3964 3964 3966 3968 
3968 3968 3970 3972 3972 3972 3974 3976 3976 3976 3978 3980 3980 3980 3982 3984 3984 3984 3986 3988 3988 3988 3990 3992 3992 3992 3994 3996 3996 3996 3998 4000 4000 4000 4002 4004 4004 4004 4006 4008 4008 4008 4010 4012 4012 4012 4014 4016 4016 4016 4018 4020 4020 4020 4022 4024 4024 4024 4026 4028 4028 4028 4030 4032 
4032 4032 4034 4036 4036 4036 4038 4040 4040 4040 4042 4044 4044 4044 4046 4048 4048 4048 4050 4052 4052 4052 4054 4056 4056 4056 4058 4060 4060 4060 4062 4064 4064 4064 4066 4068 4068 4068 4070 4072 4072 4072 4074 4076 4076 4076 4078 4080 4080 4080 4082 4084 4084 4084 4086 4088 4088 4088 4090 4092 4092 4092 4094 4096 
4096 4096 4096 4100 4100 4100 4104 4104 4104 4104 4104 4108 4108 4108 4112 4112 4112 4112 4112 4116 4116 4116 4120 4120 4120 4120 4120 4124 4124 4124 4128 4128 4128 4128 4128 4132 4132 4132 4136 4136 4136 4136 4136 4140 4140 4140 4144 4144 4144 4144 4144 4148 4148 4148 4152 4152 4152 4152 4152 4156 4156 4156 4160 4160 
4160 4160 4160 4164 4164 4164 4168 4168 4168 4168 4168 4172 4172 4172 4176 4176 4176 4176 4176 4180 4180 4180 4184 4184 4184 4184 4184 4188 4188 4188 4192 4192 4192 4192 4192 4196 4196 4196 4200 4200 4200 4200 4200 4204 4204 4204 4208 4208 4208 4208 4208 4212 4212 4212 4216 4216 4216 4216 4216 4220 4220 4220 4224 4224 
4224 4224 4224 4228 4228 4228 4232 4232 4232 4232 4232 4236 4236 4236 4240 4240 4240 4240 4240 4244 4244 4244 4248 4248 4248 4248 4248 4252 4252 4252 4256 4256 4256 4256 4256 4260 4260 4260 4264 4264 4264 4264 4264 4268 4268 4268 4272 4272 4272 4272 4272 4276 4276 4276 4280 4280 4280 4280 4280 4284 4284 4284 4288 4288 
4288 4288 4288 4292 4292 4292 4296 4296 4296 4296 4296 4300 4300 4300 4304 4304 4304 4304 4304 4308 4308 4308 4312 4312 4312 4312 4312 4316 4316 4316 4320 4320 4320 4320 4320 4324 4324 4324 4328 4328 4328 4328 4328 4332 4332 4332 4336 4336 4336 4336 4336 4340 4340 4340 4344 4344 4344 4344 4344 4348 4348 4348 4352 4352 
4352 4352 4352 4356 4356 4356 4360 4360 4360 4360 4360 4364 4364 4364 4368 4368 4368 4368 4368 4372 4372 4372 4376 4376 4376 4376 4376 4380 4380 4380 4384 4384 4384 4384 4384 4388 4388 4388 4392 4392 4392 4392 4392 4396 4396 4396 4400 4400 4400 4400 4400 4404 4404 4404 4408 4408 4408 4408 4408 4412 4412 4412 4416 4416 
4416 4416 4416 4420 4420 4420 4424 4424 4424 4424 4424 4428 4428 4428 4432 4432 4432 4432 4432 4436 4436 4436 4440 4440 4440 4440 4440 4444 4444 4444 4448 4448 4448 4448 4448 4452 4452 4452 4456 4456 4456 4456 4456 4460 4460 4460 4464 4464 4464 4464 4464 4468 4468 4468 4472 4472 4472 4472 4472 4476 4476 4476 4480 4480 
4480 4480 4480 4484 4484 4484 4488 4488 4488 4488 4488 4492 4492 4492 4496 4496 4496 4496 4496 4500 4500 4500 4504 4504 4504 4504 4504 4508 4508 4508 4512 4512 4512 4512 4512 4516 4516 4516 4520 4520 4520 4520 4520 4524 4524 4524 4528 4528 4528 4528 4528 4532 4532 4532 4536 4536 4536 4536 4536 4540 4540 4540 4544 4544 
4544 4544 4544 4548 4548 4548 4552 4552 4552 4552 4552 4556 4556 4556 4560 4560 4560 4560 4560 4564 4564 4564 4568 4568 4568 4568 4568 4572 4572 4572 4576 4576 4576 4576 4576 4580 4580 4580 4584 4584 4584 4584 4584 4588 4588 4588 4592 4592 4592 4592 4592 4596 4596 4596 4600 4600 4600 4600 4600 4604 4604 4604 4608 4608 
4608 4608 4608 4612 4612 4612 4616 4616 4616 4616 4616 4620 4620 4620 4624 4624 4624 4624 4624 4628 4628 4628 4632 4632 4632 4632 4632 4636 4636 4636 4640 4640 4640 4640 4640 4644 4644 4644 4648 4648 4648 4648 4648 4652 4652 4652 4656 4656 4656 4656 4656 4660 4660 4660 4664 4664 4664 4664 4664 4668 4668 4668 4672 4672 
4672 4672 4672 4676 4676 4676 4680 4680 4680 4680 4680 4684 4684 4684 4688 4688 4688 4688 4688 4692 4692 4692 4696 4696 4696 4696 4696 4700 4700 4700 4704 4704 4704 4704 4704 4708 4708 4708 4712 4712 4712 4712 4712 4716 4716 4716 4720 4720 4720 4720 4720 4724 4724 4724 4728 4728 4728 4728 4728 4732 4732 4732 4736 4736 
4736 4736 4736 4740 4740 4740 4744 4744 4744 4744 4744 4748 4748 4748 4752 4752 4752 4752 4752 4756 4756 4756 4760 4760 4760 4760 4760 4764 4764 4764 4768 4768 4768 4768 4768 4772 4772 4772 4776 4776 4776 4776 4776 4780 4780 4780 4784 4784 4784 4784 4784 4788 4788 4788 4792 4792 4792 4792 4792 4796 4796 4796 4800 4800 
4800 4800 4800 4804 4804 4804 4808 4808 4808 4808 4808 4812 4812 4812 4816 4816 4816 4816 4816 4820 4820 4820 4824 4824 4824 4824 4824 4828 4828 4828 4832 4832 4832 4832 4832 4836 4836 4836 4840 4840 4840 4840 4840 4844 4844 4844 4848 4848 4848 4848 4848 4852 4852 4852 4856 4856 4856 4856 4856 4860 4860 4860 4864 4864 
4864 4864 4864 4868 4868 4868 4872 4872 4872 4872 4872 4876 4876 4876 4880 4880 4880 4880 4880 4884 4884 4884 4888 4888 4888 4888 4888 4892 4892 4892 4896 4896 4896 4896 4896 4900 4900 4900 4904 4904 4904 4904 4904 4908 4908 4908 4912 4912 4912 4912 4912 4916 4916 4916 4920 4920 4920 4920 4920 4924 4924 4924 4928 4928 
4928 4928 4928 4932 4932 4932 4936 4936 4936 4936 4936 4940 4940 4940 4944 4944 4944 4944 4944 4948 4948 4948 4952 4952 4952 4952 4952 4956 4956 4956 4960 4960 4960 4960 4960 4964 4964 4964 4968 4968 4968 4968 4968 4972 4972 4972 4976 4976 4976 4976 4976 4980 4980 4980 4984 4984 4984 4984 4984 4988 4988 4988 4992 4992 
4992 4992 4992 4996 4996 4996 5000 5000 5000 5000 5000 5004 5004 5004 5008 5008 5008 5008 5008 5012 5012 5012 5016 5016 5016 5016 5016 5020 5020 5020 5024 5024 5024 5024 5024 5028 5028 5028 5032 5032 5032 5032 5032 5036 5036 5036 5040 5040 5040 5040 5040 5044 5044 5044 5048 5048 5048 5048 5048 5052 5052 5052 5056 5056 
5056 5056 5056 5060 5060 5060 5064 5064 5064 5064 5064 5068 5068 5068 5072 5072 5072 5072 5072 5076 5076 5076 5080 5080 5080 5080 5080 5084 5084 5084 5088 5088 5088 5088 5088 5092 5092 5092 5096 5096 5096 5096 5096 5100 5100 5100 5104 5104 5104 5104 5104 5108 5108 5108 5112 5112 5112 5112 5112 5116 5116 5116 5120 5120 
5120 5120 5120 5124 5124 5124 5128 5128 5128 5128 5128 5132 5132 5132 5136 5136 5136 5136 5136 5140 5140 5140 5144 5144 5144 5144 5144 5148 5148 5148 5152 5152 5152 5152 5152 5156 5156 5156 5160 5160 5160 5160 5160 5164 5164 5164 5168 5168 5168 5168 5168 5172 5172 5172 5176 5176 5176 5176 5176 5180 5180 5180 5184 5184 
5184 5184 5184 5188 5188 5188 5192 5192 5192 5192 5192 5196 5196 5196 5200 5200 5200 5200 5200 5204 5204 5204 5208 5208 5208 5208 5208 5212 5212 5212 5216 5216 5216 5216 5216 5220 5220 5220 5224 5224 5224 5224 5224 5228 5228 5228 5232 5232 5232 5232 5232 5236 5236 5236 5240 5240 5240 5240 5240 5244 5244 5244 5248 5248 
5248 5248 5248 5252 5252 5252 5256 5256 5256 5256 5256 5260 5260 5260 5264 5264 5264 5264 5264 5268 5268 5268 5272 5272 5272 5272 5272 5276 5276 5276 5280 5280 5280 5280 5280 5284 5284 5284 5288 5288 5288 5288 5288 5292 5292 5292 5296 5296 5296 5296 5296 5300 5300 5300 5304 5304 5304 5304 5304 5308 5308 5308 5312 5312 
5312 5312 5312 5316 5316 5316 5320 5320 5320 5320 5320 5324 5324 5324 5328 5328 5328 5328 5328 5332 5332 5332 5336 5336 5336 5336 5336 5340 5340 5340 5344 5344 5344 5344 5344 5348 5348 5348 5352 5352 5352 5352 5352 5356 5356 5356 5360 5360 5360 5360 5360 5364 5364 5364 5368 5368 5368 5368 5368 5372 5372 5372 5376 5376 
5376 5376 5376 5380 5380 5380 5384 5384 5384 5384 5384 5388 5388 5388 5392 5392 5392 5392 5392 5396 5396 5396 5400 5400 5400 5400 5400 5404 5404 5404 5408 5408 5408 5408 5408 5412 5412 5412 5416 5416 5416 5416 5416 5420 5420 5420 5424 5424 5424 5424 5424 5428 5428 5428 5432 5432 5432 5432 5432 5436 5436 5436 5440 5440 
5440 5440 5440 5444 5444 5444 5448 5448 5448 5448 5448 5452 5452 5452 5456 5456 5456 5456 5456 5460 5460 5460 5464 5464 5464 5464 5464 5468 5468 5468 5472 5472 5472 5472 5472 5476 5476 5476 5480 5480 5480 5480 5480 5484 5484 5484 5488 5488 5488 5488 5488 5492 5492 5492 5496 5496 5496 5496 5496 5500 5500 5500 5504 5504 
5504 5504 5504 5508 5508 5508 5512 5512 5512 5512 5512 5516 5516 5516 5520 5520 5520 5520 5520 5524 5524 5524 5528 5528 5528 5528 5528 5532 5532 5532 5536 5536 5536 5536 5536 5540 5540 5540 5544 5544 5544 5544 5544 5548 5548 5548 5552 5552 5552 5552 5552 5556 5556 5556 5560 5560 5560 5560 5560 5564 5564 5564 5568 5568 
5568 5568 5568 5572 5572 5572 5576 5576 5576 5576 5576 5580 5580 5580 5584 5584 5584 5584 5584 5588 5588 5588 5592 5592 5592 5592 5592 5596 5596 5596 5600 5600 5600 5600 5600 5604 5604 5604 5608 5608 5608 5608 5608 5612 5612 5612 5616 5616 5616 5616 5616 5620 5620 5620 5624 5624 5624 5624 5624 5628 5628 5628 5632 5632 
5632 5632 5632 5636 5636 5636 5640 5640 5640 5640 5640 5644 5644 5644 5648 5648 5648 5648 5648 5652 5652 5652 5656 5656 5656 5656 5656 5660 5660 5660 5664 5664 5664 5664 5664 5668 5668 5668 5672 5672 5672 5672 5672 5676 5676 5676 5680 5680 5680 5680 5680 5684 5684 5684 5688 5688 5688 5688 5688 5692 5692 5692 5696 5696 
5696 5696 5696 5700 5700 5700 5704 5704 5704 5704 5704 5708 5708 5708 5712 5712 5712 5712 5712 5716 5716 5716 5720 5720 5720 5720 5720 5724 5724 5724 5728 5728 5728 5728 5728 5732 5732 5732 5736 5736 5736 5736 5736 5740 5740 5740 5744 5744 5744 5744 5744 5748 5748 5748 5752 5752 5752 5752 5752 5756 5756 5756 5760 5760 
5760 5760 5760 5764 5764 5764 5768 5768 5768 5768 5768 5772 5772 5772 5776 5776 5776 5776 5776 5780 5780 5780 5784 5784 5784 5784 5784 5788 5788 5788 5792 5792 5792 5792 5792 5796 5796 5796 5800 5800 5800 5800 5800 5804 5804 5804 5808 5808 5808 5808 5808 5812 5812 5812 5816 5816 5816 5816 5816 5820 5820 5820 5824 5824 
5824 5824 5824 5828 5828 5828 5832 5832 5832 5832 5832 5836 5836 5836 5840 5840 5840 5840 5840 5844 5844 5844 5848 5848 5848 5848 5848 5852 5852 5852 5856 5856 5856 5856 5856 5860 5860 5860 5864 5864 5864 5864 5864 5868 5868 5868 5872 5872 5872 5872 5872 5876 5876 5876 5880 5880 5880 5880 5880 5884 5884 5884 5888 5888 
5888 5888 5888 5892 5892 5892 5896 5896 5896 5896 5896 5900 5900 5900 5904 5904 5904 5904 5904 5908 5908 5908 5912 5912 5912 5912 5912 5916 5916 5916 5920 5920 5920 5920 5920 5924 5924 5924 5928 5928 5928 5928 5928 5932 5932 5932 5936 5936 5936 5936 5936 5940 5940 5940 5944 5944 5944 5944 5944 5948 5948 5948 5952 5952 
5952 5952 5952 5956 5956 5956 5960 5960 5960 5960 5960 5964 5964 5964 5968 5968 5968 5968 5968 5972 5972 5972 5976 5976 5976 5976 5976 5980 5980 5980 5984 5984 5984 5984 5984 5988 5988 5988 5992 5992 5992 5992 5992 5996 5996 5996 6000 6000 6000 6000 6000 6004 6004 6004 6008 6008 6008 6008 6008 6012 6012 6012 6016 6016 
6016 6016 6016 6020 6020 6020 6024 6024 6024 6024 6024 6028 6028 6028 6032 6032 6032 6032 6032 6036 6036 6036 6040 6040 6040 6040 6040 6044 6044 6044 6048 6048 6048 6048 6048 6052 6052 6052 6056 6056 6056 6056 6056 6060 6060 6060 6064 6064 6064 6064 6064 6068 6068 6068 6072 6072 6072 6072 6072 6076 6076 6076 6080 6080 
6080 6080 6080 6084 6084 6084 6088 6088 6088 6088 6088 6092 6092 6092 6096 6096 6096 6096 6096 6100 6100 6100 6104 6104 6104 6104 6104 6108 6108 6108 6112 6112 6112 6112 6112 6116 6116 6116 6120 6120 6120 6120 6120 6124 6124 6124 6128 6128 6128 6128 6128 6132 6132 6132 6136 6136 6136 6136 6136 6140 6140 6140 6144 6144 
6144 6144 6144 6148 6148 6148 6152 6152 6152 6152 6152 6156 6156 6156 6160 6160 6160 6160 6160 6164 6164 6164 6168 6168 6168 6168 6168 6172 6172 6172 6176 6176 6176 6176 6176 6180 6180 6180 6184 6184 6184 6184 6184 6188 6188 6188 6192 6192 6192 6192 6192 6196 6196 6196 6200 6200 6200 6200 6200 6204 6204 6204 6208 6208 
6208 6208 6208 6212 6212 6212 6216 6216 6216 6216 6216 6220 6220 6220 6224 6224 6224 6224 6224 6228 6228 6228 6232 6232 6232 6232 6232 6236 6236 6236 6240 6240 6240 6240 6240 6244 6244 6244 6248 6248 6248 6248 6248 6252 6252 6252 6256 6256 6256 6256 6256 6260 6260 6260 6264 6264 6264 6264 6264 6268 6268 6268 6272 6272 
6272 6272 6272 6276 6276 6276 6280 6280 6280 6280 6280 6284 6284 6284 6288 6288 6288 6288 6288 6292 6292 6292 6296 6296 6296 6296 6296 6300 6300 6300 6304 6304 6304 6304 6304 6308 6308 6308 6312 6312 6312 6312 6312 6316 6316 6316 6320 6320 6320 6320 6320 6324 6324 6324 6328 6328 6328 6328 6328 6332 6332 6332 6336 6336 
6336 6336 6336 6340 6340 6340 6344 6344 6344 6344 6344 6348 6348 6348 6352 6352 6352 6352 6352 6356 6356 6356 6360 6360 6360 6360 6360 6364 6364 6364 6368 6368 6368 6368 6368 6372 6372 6372 6376 6376 6376 6376 6376 6380 6380 6380 6384 6384 6384 6384 6384 6388 6388 6388 6392 6392 6392 6392 6392 6396 6396 6396 6400 6400 
6400 6400 6400 6404 6404 6404 6408 6408 6408 6408 6408 6412 6412 6412 6416 6416 6416 6416 6416 6420 6420 6420 6424 6424 6424 6424 6424 6428 6428 6428 6432 6432 6432 6432 6432 6436 6436 6436 6440 6440 6440 6440 6440 6444 6444 6444 6448 6448 6448 6448 6448 6452 6452 6452 6456 6456 6456 6456 6456 6460 6460 6460 6464 6464 
6464 6464 6464 6468 6468 6468 6472 6472 6472 6472 6472 6476 6476 6476 6480 6480 6480 6480 6480 6484 6484 6484 6488 6488 6488 6488 6488 6492 6492 6492 6496 6496 6496 6496 6496 6500 6500 6500 6504 6504 6504 6504 6504 6508 6508 6508 6512 6512 6512 6512 6512 6516 6516 6516 6520 6520 6520 6520 6520 6524 6524 6524 6528 6528 
6528 6528 6528 6532 6532 6532 6536 6536 6536 6536 6536 6540 6540 6540 6544 6544 6544 6544 6544 6548 6548 6548 6552 6552 6552 6552 6552 6556 6556 6556 6560 6560 6560 6560 6560 6564 6564 6564 6568 6568 6568 6568 6568 6572 6572 6572 6576 6576 6576 6576 6576 6580 6580 6580 6584 6584 6584 6584 6584 6588 6588 6588 6592 6592 
6592 6592 6592 6596 6596 6596 6600 6600 6600 6600 6600 6604 6604 6604 6608 6608 6608 6608 6608 6612 6612 6612 6616 6616 6616 6616 6616 6620 6620 6620 6624 6624 6624 6624 6624 6628 6628 6628 6632 6632 6632 6632 6632 6636 6636 6636 6640 6640 6640 6640 6640 6644 6644 6644 6648 6648 6648 6648 6648 6652 6652 6652 6656 6656 
6656 6656 6656 6660 6660 6660 6664 6664 6664 6664 6664 6668 6668 6668 6672 6672 6672 6672 6672 6676 6676 6676 6680 6680 6680 6680 6680 6684 6684 6684 6688 6688 6688 6688 6688 6692 6692 6692 6696 6696 6696 6696 6696 6700 6700 6700 6704 6704 6704 6704 6704 6708 6708 6708 6712 6712 6712 6712 6712 6716 6716 6716 6720 6720 
6720 6720 6720 6724 6724 6724 6728 6728 6728 6728 6728 6732 6732 6732 6736 6736 6736 6736 6736 6740 6740 6740 6744 6744 6744 6744 6744 6748 6748 6748 6752 6752 6752 6752 6752 6756 6756 6756 6760 6760 6760 6760 6760 6764 6764 6764 6768 6768 6768 6768 6768 6772 6772 6772 6776 6776 6776 6776 6776 6780 6780 6780 6784 6784 
6784 6784 6784 6788 6788 6788 6792 6792 6792 6792 6792 6796 6796 6796 6800 6800 6800 6800 6800 6804 6804 6804 6808 6808 6808 6808 6808 6812 6812 6812 6816 6816 6816 6816 6816 6820 6820 6820 6824 6824 6824 6824 6824 6828 6828 6828 6832 6832 6832 6832 6832 6836 6836 6836 6840 6840 6840 6840 6840 6844 6844 6844 6848 6848 
6848 6848 6848 6852 6852 6852 6856 6856 6856 6856 6856 6860 6860 6860 6864 6864 6864 6864 6864 6868 6868 6868 6872 6872 6872 6872 6872 6876 6876 6876 6880 6880 6880 6880 6880 6884 6884 6884 6888 6888 6888 6888 6888 6892 6892 6892 6896 6896 6896 6896 6896 6900 6900 6900 6904 6904 6904 6904 6904 6908 6908 6908 6912 6912 
6912 6912 6912 6916 6916 6916 6920 6920 6920 6920 6920 6924 6924 6924 6928 6928 6928 6928 6928 6932 6932 6932 6936 6936 6936 6936 6936 6940 6940 6940 6944 6944 6944 6944 6944 6948 6948 6948 6952 6952 6952 6952 6952 6956 6956 6956 6960 6960 6960 6960 6960 6964 6964 6964 6968 6968 6968 6968 6968 6972 6972 6972 6976 6976 
6976 6976 6976 6980 6980 6980 6984 6984 6984 6984 6984 6988 6988 6988 6992 6992 6992 6992 6992 6996 6996 6996 7000 7000 7000 7000 7000 7004 7004 7004 7008 7008 7008 7008 7008 7012 7012 7012 7016 7016 7016 7016 7016 7020 7020 7020 7024 7024 7024 7024 7024 7028 7028 7028 7032 7032 7032 7032 7032 7036 7036 7036 7040 7040 
7040 7040 7040 7044 7044 7044 7048 7048 7048 7048 7048 7052 7052 7052 7056 7056 7056 7056 7056 7060 7060 7060 7064 7064 7064 7064 7064 7068 7068 7068 7072 7072 7072 7072 7072 7076 7076 7076 7080 7080 7080 7080 7080 7084 7084 7084 7088 7088 7088 7088 7088 7092 7092 7092 7096 7096 7096 7096 7096 7100 7100 7100 7104 7104 
7104 7104 7104 7108 7108 7108 7112 7112 7112 7112 7112 7116 7116 7116 7120 7120 7120 7120 7120 7124 7124 7124 7128 7128 7128 7128 7128 7132 7132 7132 7136 7136 7136 7136 7136 7140 7140 7140 7144 7144 7144 7144 7144 7148 7148 7148 7152 7152 7152 7152 7152 7156 7156 7156 7160 7160 7160 7160 7160 7164 7164 7164 7168 7168 
7168 7168 7168 7172 7172 7172 7176 7176 7176 7176 7176 7180 7180 7180 7184 7184 7184 7184 7184 7188 7188 7188 7192 7192 7192 7192 7192 7196 7196 7196 7200 7200 7200 7200 7200 7204 7204 7204 7208 7208 7208 7208 7208 7212 7212 7212 7216 7216 7216 7216 7216 7220 7220 7220 7224 7224 7224 7224 7224 7228 7228 7228 7232 7232 
7232 7232 7232 7236 7236 7236 7240 7240 7240 7240 7240 7244 7244 7244 7248 7248 7248 7248 7248 7252 7252 7252 7256 7256 7256 7256 7256 7260 7260 7260 7264 7264 7264 7264 7264 7268 7268 7268 7272 7272 7272 7272 7272 7276 7276 7276 7280 7280 7280 7280 7280 7284 7284 7284 7288 7288 7288 7288 7288 7292 7292 7292 7296 7296 
7296 7296 7296 7300 7300 7300 7304 7304 7304 7304 7304 7308 7308 7308 7312 7312 7312 7312 7312 7316 7316 7316 7320 7320 7320 7320 7320 7324 7324 7324 7328 7328 7328 7328 7328 7332 7332 7332 7336 7336 7336 7336 7336 7340 7340 7340 7344 7344 7344 7344 7344 7348 7348 7348 7352 7352 7352 7352 7352 7356 7356 7356 7360 7360 
7360 7360 7360 7364 7364 7364 7368 7368 7368 7368 7368 7372 7372 7372 7376 7376 7376 7376 7376 7380 7380 7380 7384 7384 7384 7384 7384 7388 7388 7388 7392 7392 7392 7392 7392 7396 7396 7396 7400 7400 7400 7400 7400 7404 7404 7404 7408 7408 7408 7408 7408 7412 7412 7412 7416 7416 7416 7416 7416 7420 7420 7420 7424 7424 
7424 7424 7424 7428 7428 7428 7432 7432 7432 7432 7432 7436 7436 7436 7440 7440 7440 7440 7440 7444 7444 7444 7448 7448 7448 7448 7448 7452 7452 7452 7456 7456 7456 7456 7456 7460 7460 7460 7464 7464 7464 7464 7464 7468 7468 7468 7472 7472 7472 7472 7472 7476 7476 7476 7480 7480 7480 7480 7480 7484 7484 7484 7488 7488 
7488 7488 7488 7492 7492 7492 7496 7496 7496 7496 7496 7500 7500 7500 7504 7504 7504 7504 7504 7508 7508 7508 7512 7512 7512 7512 7512 7516 7516 7516 7520 7520 7520 7520 7520 7524 7524 7524 7528 7528 7528 7528 7528 7532 7532 7532 7536 7536 7536 7536 7536 7540 7540 7540 7544 7544 7544 7544 7544 7548 7548 7548 7552 7552 
7552 7552 7552 7556 7556 7556 7560 7560 7560 7560 7560 7564 7564 7564 7568 7568 7568 7568 7568 7572 7572 7572 7576 7576 7576 7576 7576 7580 7580 7580 7584 7584 7584 7584 7584 7588 7588 7588 7592 7592 7592 7592 7592 7596 7596 7596 7600 7600 7600 7600 7600 7604 7604 7604 7608 7608 7608 7608 7608 7612 7612 7612 7616 7616 
7616 7616 7616 7620 7620 7620 7624 7624 7624 7624 7624 7628 7628 7628 7632 7632 7632 7632 7632 7636 7636 7636 7640 7640 7640 7640 7640 7644 7644 7644 7648 7648 7648 7648 7648 7652 7652 7652 7656 7656 7656 7656 7656 7660 7660 7660 7664 7664 7664 7664 7664 7668 7668 7668 7672 7672 7672 7672 7672 7676 7676 7676 7680 7680 
7680 7680 7680 7684 7684 7684 7688 7688 7688 7688 7688 7692 7692 7692 7696 7696 7696 7696 7696 7700 7700 7700 7704 7704 7704 7704 7704 7708 7708 7708 7712 7712 7712 7712 7712 7716 7716 7716 7720 7720 7720 7720 7720 7724 7724 7724 7728 7728 7728 7728 7728 7732 7732 7732 7736 7736 7736 7736 7736 7740 7740 7740 7744 7744 
7744 7744 7744 7748 7748 7748 7752 7752 7752 7752 7752 7756 7756 7756 7760 7760 7760 7760 7760 7764 7764 7764 7768 7768 7768 7768 7768 7772 7772 7772 7776 7776 7776 7776 7776 7780 7780 7780 7784 7784 7784 7784 7784 7788 7788 7788 7792 7792 7792 7792 7792 7796 7796 7796 7800 7800 7800 7800 7800 7804 7804 7804 7808 7808 
7808 7808 7808 7812 7812 7812 7816 7816 7816 7816 7816 7820 7820 7820 7824 7824 7824 7824 7824 7828 7828 7828 7832 7832 7832 7832 7832 7836 7836 7836 7840 7840 7840 7840 7840 7844 7844 7844 7848 7848 7848 7848 7848 7852 7852 7852 7856 7856 7856 7856 7856 7860 7860 7860 7864 7864 7864 7864 7864 7868 7868 7868 7872 7872 
7872 7872 7872 7876 7876 7876 7880 7880 7880 7880 7880 7884 7884 7884 7888 7888 7888 7888 7888 7892 7892 7892 7896 7896 7896 7896 7896 7900 7900 7900 7904 7904 7904 7904 7904 7908 7908 7908 7912 7912 7912 7912 7912 7916 7916 7916 7920 7920 7920 7920 7920 7924 7924 7924 7928 7928 7928 7928 7928 7932 7932 7932 7936 7936 
7936 7936 7936 7940 7940 7940 7944 7944 7944 7944 7944 7948 7948 7948 7952 7952 7952 7952 7952 7956 7956 7956 7960 7960 7960 7960 7960 7964 7964 7964 7968 7968 7968 7968 7968 7972 7972 7972 7976 7976 7976 7976 7976 7980 7980 7980 7984 7984 7984 7984 7984 7988 7988 7988 7992 7992 7992 7992 7992 7996 7996 7996 8000 8000 
8000 8000 8000 8004 8004 8004 8008 8008 8008 8008 8008 8012 8012 8012 8016 8016 8016 8016 8016 8020 8020 8020 8024 8024 8024 8024 8024 8028 8028 8028 8032 8032 8032 8032 8032 8036 8036 8036 8040 8040 8040 8040 8040 8044 8044 8044 8048 8048 8048 8048 8048 8052 8052 8052 8056 8056 8056 8056 8056 8060 8060 8060 8064 8064 
8064 8064 8064 8068 8068 8068 8072 8072 8072 8072 8072 8076 8076 8076 8080 8080 8080 8080 8080 8084 8084 8084 8088 8088 8088 8088 8088 8092 8092 8092 8096 8096 8096 8096 8096 8100 8100 8100 8104 8104 8104 8104 8104 8108 8108 8108 8112 8112 8112 8112 8112 8116 8116 8116 8120 8120 8120 8120 8120 8124 8124 8124 8128 8128 
8128 8128 8128 8132 8132 8132 8136 8136 8136 8136 8136 8140 8140 8140 8144 8144 8144 8144 8144 8148 8148 8148 8152 8152 8152 8152 8152 8156 8156 8156 8160 8160 8160 8160 8160 8164 8164 8164 8168 8168 8168 8168 8168 8172 8172 8172 8176 8176 8176 8176 8176 8180 8180 8180 8184 8184 8184 8184 8184 8188 8188 8188 8192 8192 
smemA:
   0    1    2    3    4    5    6    7    8    9   10   11   12   13   14   15   16   17   18   19   20   21   22   23   24   25   26   27   28   29   30   31   32   33   34   35   36   37   38   39   40   41   42   43   44   45   46   47   48   49   50   51   52   53   54   55   56   57   58   59   60   61   62   63 
  72   73   74   75   76   77   78   79   64   65   66   67   68   69   70   71   88   89   90   91   92   93   94   95   80   81   82   83   84   85   86   87  104  105  106  107  108  109  110  111   96   97   98   99  100  101  102  103  120  121  122  123  124  125  126  127  112  113  114  115  116  117  118  119 
 144  145  146  147  148  149  150  151  152  153  154  155  156  157  158  159  128  129  130  131  132  133  134  135  136  137  138  139  140  141  142  143  176  177  178  179  180  181  182  183  184  185  186  187  188  189  190  191  160  161  162  163  164  165  166  167  168  169  170  171  172  173  174  175 
 216  217  218  219  220  221  222  223  208  209  210  211  212  213  214  215  200  201  202  203  204  205  206  207  192  193  194  195  196  197  198  199  248  249  250  251  252  253  254  255  240  241  242  243  244  245  246  247  232  233  234  235  236  237  238  239  224  225  226  227  228  229  230  231 
 288  289  290  291  292  293  294  295  296  297  298  299  300  301  302  303  304  305  306  307  308  309  310  311  312  313  314  315  316  317  318  319  256  257  258  259  260  261  262  263  264  265  266  267  268  269  270  271  272  273  274  275  276  277  278  279  280  281  282  283  284  285  286  287 
 360  361  362  363  364  365  366  367  352  353  354  355  356  357  358  359  376  377  378  379  380  381  382  383  368  369  370  371  372  373  374  375  328  329  330  331  332  333  334  335  320  321  322  323  324  325  326  327  344  345  346  347  348  349  350  351  336  337  338  339  340  341  342  343 
 432  433  434  435  436  437  438  439  440  441  442  443  444  445  446  447  416  417  418  419  420  421  422  423  424  425  426  427  428  429  430  431  400  401  402  403  404  405  406  407  408  409  410  411  412  413  414  415  384  385  386  387  388  389  390  391  392  393  394  395  396  397  398  399 
 504  505  506  507  508  509  510  511  496  497  498  499  500  501  502  503  488  489  490  491  492  493  494  495  480  481  482  483  484  485  486  487  472  473  474  475  476  477  478  479  464  465  466  467  468  469  470  471  456  457  458  459  460  461  462  463  448  449  450  451  452  453  454  455 
 512  513  514  515  516  517  518  519  520  521  522  523  524  525  526  527  528  529  530  531  532  533  534  535  536  537  538  539  540  541  542  543  544  545  546  547  548  549  550  551  552  553  554  555  556  557  558  559  560  561  562  563  564  565  566  567  568  569  570  571  572  573  574  575 
 584  585  586  587  588  589  590  591  576  577  578  579  580  581  582  583  600  601  602  603  604  605  606  607  592  593  594  595  596  597  598  599  616  617  618  619  620  621  622  623  608  609  610  611  612  613  614  615  632  633  634  635  636  637  638  639  624  625  626  627  628  629  630  631 
 656  657  658  659  660  661  662  663  664  665  666  667  668  669  670  671  640  641  642  643  644  645  646  647  648  649  650  651  652  653  654  655  688  689  690  691  692  693  694  695  696  697  698  699  700  701  702  703  672  673  674  675  676  677  678  679  680  681  682  683  684  685  686  687 
 728  729  730  731  732  733  734  735  720  721  722  723  724  725  726  727  712  713  714  715  716  717  718  719  704  705  706  707  708  709  710  711  760  761  762  763  764  765  766  767  752  753  754  755  756  757  758  759  744  745  746  747  748  749  750  751  736  737  738  739  740  741  742  743 
 800  801  802  803  804  805  806  807  808  809  810  811  812  813  814  815  816  817  818  819  820  821  822  823  824  825  826  827  828  829  830  831  768  769  770  771  772  773  774  775  776  777  778  779  780  781  782  783  784  785  786  787  788  789  790  791  792  793  794  795  796  797  798  799 
 872  873  874  875  876  877  878  879  864  865  866  867  868  869  870  871  888  889  890  891  892  893  894  895  880  881  882  883  884  885  886  887  840  841  842  843  844  845  846  847  832  833  834  835  836  837  838  839  856  857  858  859  860  861  862  863  848  849  850  851  852  853  854  855 
 944  945  946  947  948  949  950  951  952  953  954  955  956  957  958  959  928  929  930  931  932  933  934  935  936  937  938  939  940  941  942  943  912  913  914  915  916  917  918  919  920  921  922  923  924  925  926  927  896  897  898  899  900  901  902  903  904  905  906  907  908  909  910  911 
1016 1017 1018 1019 1020 1021 1022 1023 1008 1009 1010 1011 1012 1013 1014 1015 1000 1001 1002 1003 1004 1005 1006 1007  992  993  994  995  996  997  998  999  984  985  986  987  988  989  990  991  976  977  978  979  980  981  982  983  968  969  970  971  972  973  974  975  960  961  962  963  964  965  966  967 
1024 1025 1026 1027 1028 1029 1030 1031 1032 1033 1034 1035 1036 1037 1038 1039 1040 1041 1042 1043 1044 1045 1046 1047 1048 1049 1050 1051 1052 1053 1054 1055 1056 1057 1058 1059 1060 1061 1062 1063 1064 1065 1066 1067 1068 1069 1070 1071 1072 1073 1074 1075 1076 1077 1078 1079 1080 1081 1082 1083 1084 1085 1086 1087 
1096 1097 1098 1099 1100 1101 1102 1103 1088 1089 1090 1091 1092 1093 1094 1095 1112 1113 1114 1115 1116 1117 1118 1119 1104 1105 1106 1107 1108 1109 1110 1111 1128 1129 1130 1131 1132 1133 1134 1135 1120 1121 1122 1123 1124 1125 1126 1127 1144 1145 1146 1147 1148 1149 1150 1151 1136 1137 1138 1139 1140 1141 1142 1143 
1168 1169 1170 1171 1172 1173 1174 1175 1176 1177 1178 1179 1180 1181 1182 1183 1152 1153 1154 1155 1156 1157 1158 1159 1160 1161 1162 1163 1164 1165 1166 1167 1200 1201 1202 1203 1204 1205 1206 1207 1208 1209 1210 1211 1212 1213 1214 1215 1184 1185 1186 1187 1188 1189 1190 1191 1192 1193 1194 1195 1196 1197 1198 1199 
1240 1241 1242 1243 1244 1245 1246 1247 1232 1233 1234 1235 1236 1237 1238 1239 1224 1225 1226 1227 1228 1229 1230 1231 1216 1217 1218 1219 1220 1221 1222 1223 1272 1273 1274 1275 1276 1277 1278 1279 1264 1265 1266 1267 1268 1269 1270 1271 1256 1257 1258 1259 1260 1261 1262 1263 1248 1249 1250 1251 1252 1253 1254 1255 
1312 1313 1314 1315 1316 1317 1318 1319 1320 1321 1322 1323 1324 1325 1326 1327 1328 1329 1330 1331 1332 1333 1334 1335 1336 1337 1338 1339 1340 1341 1342 1343 1280 1281 1282 1283 1284 1285 1286 1287 1288 1289 1290 1291 1292 1293 1294 1295 1296 1297 1298 1299 1300 1301 1302 1303 1304 1305 1306 1307 1308 1309 1310 1311 
1384 1385 1386 1387 1388 1389 1390 1391 1376 1377 1378 1379 1380 1381 1382 1383 1400 1401 1402 1403 1404 1405 1406 1407 1392 1393 1394 1395 1396 1397 1398 1399 1352 1353 1354 1355 1356 1357 1358 1359 1344 1345 1346 1347 1348 1349 1350 1351 1368 1369 1370 1371 1372 1373 1374 1375 1360 1361 1362 1363 1364 1365 1366 1367 
1456 1457 1458 1459 1460 1461 1462 1463 1464 1465 1466 1467 1468 1469 1470 1471 1440 1441 1442 1443 1444 1445 1446 1447 1448 1449 1450 1451 1452 1453 1454 1455 1424 1425 1426 1427 1428 1429 1430 1431 1432 1433 1434 1435 1436 1437 1438 1439 1408 1409 1410 1411 1412 1413 1414 1415 1416 1417 1418 1419 1420 1421 1422 1423 
1528 1529 1530 1531 1532 1533 1534 1535 1520 1521 1522 1523 1524 1525 1526 1527 1512 1513 1514 1515 1516 1517 1518 1519 1504 1505 1506 1507 1508 1509 1510 1511 1496 1497 1498 1499 1500 1501 1502 1503 1488 1489 1490 1491 1492 1493 1494 1495 1480 1481 1482 1483 1484 1485 1486 1487 1472 1473 1474 1475 1476 1477 1478 1479 
1536 1537 1538 1539 1540 1541 1542 1543 1544 1545 1546 1547 1548 1549 1550 1551 1552 1553 1554 1555 1556 1557 1558 1559 1560 1561 1562 1563 1564 1565 1566 1567 1568 1569 1570 1571 1572 1573 1574 1575 1576 1577 1578 1579 1580 1581 1582 1583 1584 1585 1586 1587 1588 1589 1590 1591 1592 1593 1594 1595 1596 1597 1598 1599 
1608 1609 1610 1611 1612 1613 1614 1615 1600 1601 1602 1603 1604 1605 1606 1607 1624 1625 1626 1627 1628 1629 1630 1631 1616 1617 1618 1619 1620 1621 1622 1623 1640 1641 1642 1643 1644 1645 1646 1647 1632 1633 1634 1635 1636 1637 1638 1639 1656 1657 1658 1659 1660 1661 1662 1663 1648 1649 1650 1651 1652 1653 1654 1655 
1680 1681 1682 1683 1684 1685 1686 1687 1688 1689 1690 1691 1692 1693 1694 1695 1664 1665 1666 1667 1668 1669 1670 1671 1672 1673 1674 1675 1676 1677 1678 1679 1712 1713 1714 1715 1716 1717 1718 1719 1720 1721 1722 1723 1724 1725 1726 1727 1696 1697 1698 1699 1700 1701 1702 1703 1704 1705 1706 1707 1708 1709 1710 1711 
1752 1753 1754 1755 1756 1757 1758 1759 1744 1745 1746 1747 1748 1749 1750 1751 1736 1737 1738 1739 1740 1741 1742 1743 1728 1729 1730 1731 1732 1733 1734 1735 1784 1785 1786 1787 1788 1789 1790 1791 1776 1777 1778 1779 1780 1781 1782 1783 1768 1769 1770 1771 1772 1773 1774 1775 1760 1761 1762 1763 1764 1765 1766 1767 
1824 1825 1826 1827 1828 1829 1830 1831 1832 1833 1834 1835 1836 1837 1838 1839 1840 1841 1842 1843 1844 1845 1846 1847 1848 1849 1850 1851 1852 1853 1854 1855 1792 1793 1794 1795 1796 1797 1798 1799 1800 1801 1802 1803 1804 1805 1806 1807 1808 1809 1810 1811 1812 1813 1814 1815 1816 1817 1818 1819 1820 1821 1822 1823 
1896 1897 1898 1899 1900 1901 1902 1903 1888 1889 1890 1891 1892 1893 1894 1895 1912 1913 1914 1915 1916 1917 1918 1919 1904 1905 1906 1907 1908 1909 1910 1911 1864 1865 1866 1867 1868 1869 1870 1871 1856 1857 1858 1859 1860 1861 1862 1863 1880 1881 1882 1883 1884 1885 1886 1887 1872 1873 1874 1875 1876 1877 1878 1879 
1968 1969 1970 1971 1972 1973 1974 1975 1976 1977 1978 1979 1980 1981 1982 1983 1952 1953 1954 1955 1956 1957 1958 1959 1960 1961 1962 1963 1964 1965 1966 1967 1936 1937 1938 1939 1940 1941 1942 1943 1944 1945 1946 1947 1948 1949 1950 1951 1920 1921 1922 1923 1924 1925 1926 1927 1928 1929 1930 1931 1932 1933 1934 1935 
2040 2041 2042 2043 2044 2045 2046 2047 2032 2033 2034 2035 2036 2037 2038 2039 2024 2025 2026 2027 2028 2029 2030 2031 2016 2017 2018 2019 2020 2021 2022 2023 2008 2009 2010 2011 2012 2013 2014 2015 2000 2001 2002 2003 2004 2005 2006 2007 1992 1993 1994 1995 1996 1997 1998 1999 1984 1985 1986 1987 1988 1989 1990 1991 
2048 2048 2050 2052 2052 2052 2054 2056 2056 2056 2058 2060 2060 2060 2062 2064 2064 2064 2066 2068 2068 2068 2070 2072 2072 2072 2074 2076 2076 2076 2078 2080 2080 2080 2082 2084 2084 2084 2086 2088 2088 2088 2090 2092 2092 2092 2094 2096 2096 2096 2098 2100 2100 2100 2102 2104 2104 2104 2106 2108 2108 2108 2110 2112 
2120 2120 2122 2124 2124 2124 2126 2128 2112 2112 2114 2116 2116 2116 2118 2120 2136 2136 2138 2140 2140 2140 2142 2144 2128 2128 2130 2132 2132 2132 2134 2136 2152 2152 2154 2156 2156 2156 2158 2160 2144 2144 2146 2148 2148 2148 2150 2152 2168 2168 2170 2172 2172 2172 2174 2176 2160 2160 2162 2164 2164 2164 2166 2168 
2192 2192 2194 2196 2196 2196 2198 2200 2200 2200 2202 2204 2204 2204 2206 2208 2176 2176 2178 2180 2180 2180 2182 2184 2184 2184 2186 2188 2188 2188 2190 2192 2224 2224 2226 2228 2228 2228 2230 2232 2232 2232 2234 2236 2236 2236 2238 2240 2208 2208 2210 2212 2212 2212 2214 2216 2216 2216 2218 2220 2220 2220 2222 2224 
2264 2264 2266 2268 2268 2268 2270 2272 2256 2256 2258 2260 2260 2260 2262 2264 2248 2248 2250 2252 2252 2252 2254 2256 2240 2240 2242 2244 2244 2244 2246 2248 2296 2296 2298 2300 2300 2300 2302 2304 2288 2288 2290 2292 2292 2292 2294 2296 2280 2280 2282 2284 2284 2284 2286 2288 2272 2272 2274 2276 2276 2276 2278 2280 
2336 2336 2338 2340 2340 2340 2342 2344 2344 2344 2346 2348 2348 2348 2350 2352 2352 2352 2354 2356 2356 2356 2358 2360 2360 2360 2362 2364 2364 2364 2366 2368 2304 2304 2306 2308 2308 2308 2310 2312 2312 2312 2314 2316 2316 2316 2318 2320 2320 2320 2322 2324 2324 2324 2326 2328 2328 2328 2330 2332 2332 2332 2334 2336 
2408 2408 2410 2412 2412 2412 2414 2416 2400 2400 2402 2404 2404 2404 2406 2408 2424 2424 2426 2428 2428 2428 2430 2432 2416 2416 2418 2420 2420 2420 2422 2424 2376 2376 2378 2380 2380 2380 2382 2384 2368 2368 2370 2372 2372 2372 2374 2376 2392 2392 2394 2396 2396 2396 2398 2400 2384 2384 2386 2388 2388 2388 2390 2392 
2480 2480 2482 2484 2484 2484 2486 2488 2488 2488 2490 2492 2492 2492 2494 2496 2464 2464 2466 2468 2468 2468 2470 2472 2472 2472 2474 2476 2476 2476 2478 2480 2448 2448 2450 2452 2452 2452 2454 2456 2456 2456 2458 2460 2460 2460 2462 2464 2432 2432 2434 2436 2436 2436 2438 2440 2440 2440 2442 2444 2444 2444 2446 2448 
2552 2552 2554 2556 2556 2556 2558 2560 2544 2544 2546 2548 2548 2548 2550 2552 2536 2536 2538 2540 2540 2540 2542 2544 2528 2528 2530 2532 2532 2532 2534 2536 2520 2520 2522 2524 2524 2524 2526 2528 2512 2512 2514 2516 2516 2516 2518 2520 2504 2504 2506 2508 2508 2508 2510 2512 2496 2496 2498 2500 2500 2500 2502 2504 
2560 2560 2562 2564 2564 2564 2566 2568 2568 2568 2570 2572 2572 2572 2574 2576 2576 2576 2578 2580 2580 2580 2582 2584 2584 2584 2586 2588 2588 2588 2590 2592 2592 2592 2594 2596 2596 2596 2598 2600 2600 2600 2602 2604 2604 2604 2606 2608 2608 2608 2610 2612 2612 2612 2614 2616 2616 2616 2618 2620 2620 2620 2622 2624 
2632 2632 2634 2636 2636 2636 2638 2640 2624 2624 2626 2628 2628 2628 2630 2632 2648 2648 2650 2652 2652 2652 2654 2656 2640 2640 2642 2644 2644 2644 2646 2648 2664 2664 2666 2668 2668 2668 2670 2672 2656 2656 2658 2660 2660 2660 2662 2664 2680 2680 2682 2684 2684 2684 2686 2688 2672 2672 2674 2676 2676 2676 2678 2680 
2704 2704 2706 2708 2708 2708 2710 2712 2712 2712 2714 2716 2716 2716 2718 2720 2688 2688 2690 2692 2692 2692 2694 2696 2696 2696 2698 2700 2700 2700 2702 2704 2736 2736 2738 2740 2740 2740 2742 2744 2744 2744 2746 2748 2748 2748 2750 2752 2720 2720 2722 2724 2724 2724 2726 2728 2728 2728 2730 2732 2732 2732 2734 2736 
2776 2776 2778 2780 2780 2780 2782 2784 2768 2768 2770 2772 2772 2772 2774 2776 2760 2760 2762 2764 2764 2764 2766 2768 2752 2752 2754 2756 2756 2756 2758 2760 2808 2808 2810 2812 2812 2812 2814 2816 2800 2800 2802 2804 2804 2804 2806 2808 2792 2792 2794 2796 2796 2796 2798 2800 2784 2784 2786 2788 2788 2788 2790 2792 
2848 2848 2850 2852 2852 2852 2854 2856 2856 2856 2858 2860 2860 2860 2862 2864 2864 2864 2866 2868 2868 2868 2870 2872 2872 2872 2874 2876 2876 2876 2878 2880 2816 2816 2818 2820 2820 2820 2822 2824 2824 2824 2826 2828 2828 2828 2830 2832 2832 2832 2834 2836 2836 2836 2838 2840 2840 2840 2842 2844 2844 2844 2846 2848 
2920 2920 2922 2924 2924 2924 2926 2928 2912 2912 2914 2916 2916 2916 2918 2920 2936 2936 2938 2940 2940 2940 2942 2944 2928 2928 2930 2932 2932 2932 2934 2936 2888 2888 2890 2892 2892 2892 2894 2896 2880 2880 2882 2884 2884 2884 2886 2888 2904 2904 2906 2908 2908 2908 2910 2912 2896 2896 2898 2900 2900 2900 2902 2904 
2992 2992 2994 2996 2996 2996 2998 3000 3000 3000 3002 3004 3004 3004 3006 3008 2976 2976 2978 2980 2980 2980 2982 2984 2984 2984 2986 2988 2988 2988 2990 2992 2960 2960 2962 2964 2964 2964 2966 2968 2968 2968 2970 2972 2972 2972 2974 2976 2944 2944 2946 2948 2948 2948 2950 2952 2952 2952 2954 2956 2956 2956 2958 2960 
3064 3064 3066 3068 3068 3068 3070 3072 3056 3056 3058 3060 3060 3060 3062 3064 3048 3048 3050 3052 3052 3052 3054 3056 3040 3040 3042 3044 3044 3044 3046 3048 3032 3032 3034 3036 3036 3036 3038 3040 3024 3024 3026 3028 3028 3028 3030 3032 3016 3016 3018 3020 3020 3020 3022 3024 3008 3008 3010 3012 3012 3012 3014 3016 
3072 3072 3074 3076 3076 3076 3078 3080 3080 3080 3082 3084 3084 3084 3086 3088 3088 3088 3090 3092 3092 3092 3094 3096 3096 3096 3098 3100 3100 3100 3102 3104 3104 3104 3106 3108 3108 3108 3110 3112 3112 3112 3114 3116 3116 3116 3118 3120 3120 3120 3122 3124 3124 3124 3126 3128 3128 3128 3130 3132 3132 3132 3134 3136 
3144 3144 3146 3148 3148 3148 3150 3152 3136 3136 3138 3140 3140 3140 3142 3144 3160 3160 3162 3164 3164 3164 3166 3168 3152 3152 3154 3156 3156 3156 3158 3160 3176 3176 3178 3180 3180 3180 3182 3184 3168 3168 3170 3172 3172 3172 3174 3176 3192 3192 3194 3196 3196 3196 3198 3200 3184 3184 3186 3188 3188 3188 3190 3192 
3216 3216 3218 3220 3220 3220 3222 3224 3224 3224 3226 3228 3228 3228 3230 3232 3200 3200 3202 3204 3204 3204 3206 3208 3208 3208 3210 3212 3212 3212 3214 3216 3248 3248 3250 3252 3252 3252 3254 3256 3256 3256 3258 3260 3260 3260 3262 3264 3232 3232 3234 3236 3236 3236 3238 3240 3240 3240 3242 3244 3244 3244 3246 3248 
3288 3288 3290 3292 3292 3292 3294 3296 3280 3280 3282 3284 3284 3284 3286 3288 3272 3272 3274 3276 3276 3276 3278 3280 3264 3264 3266 3268 3268 3268 3270 3272 3320 3320 3322 3324 3324 3324 3326 3328 3312 3312 3314 3316 3316 3316 3318 3320 3304 3304 3306 3308 3308 3308 3310 3312 3296 3296 3298 3300 3300 3300 3302 3304 
3360 3360 3362 3364 3364 3364 3366 3368 3368 3368 3370 3372 3372 3372 3374 3376 3376 3376 3378 3380 3380 3380 3382 3384 3384 3384 3386 3388 3388 3388 3390 3392 3328 3328 3330 3332 3332 3332 3334 3336 3336 3336 3338 3340 3340 3340 3342 3344 3344 3344 3346 3348 3348 3348 3350 3352 3352 3352 3354 3356 3356 3356 3358 3360 
3432 3432 3434 3436 3436 3436 3438 3440 3424 3424 3426 3428 3428 3428 3430 3432 3448 3448 3450 3452 3452 3452 3454 3456 3440 3440 3442 3444 3444 3444 3446 3448 3400 3400 3402 3404 3404 3404 3406 3408 3392 3392 3394 3396 3396 3396 3398 3400 3416 3416 3418 3420 3420 3420 3422 3424 3408 3408 3410 3412 3412 3412 3414 3416 
3504 3504 3506 3508 3508 3508 3510 3512 3512 3512 3514 3516 3516 3516 3518 3520 3488 3488 3490 3492 3492 3492 3494 3496 3496 3496 3498 3500 3500 3500 3502 3504 3472 3472 3474 3476 3476 3476 3478 3480 3480 3480 3482 3484 3484 3484 3486 3488 3456 3456 3458 3460 3460 3460 3462 3464 3464 3464 3466 3468 3468 3468 3470 3472 
3576 3576 3578 3580 3580 3580 3582 3584 3568 3568 3570 3572 3572 3572 3574 3576 3560 3560 3562 3564 3564 3564 3566 3568 3552 3552 3554 3556 3556 3556 3558 3560 3544 3544 3546 3548 3548 3548 3550 3552 3536 3536 3538 3540 3540 3540 3542 3544 3528 3528 3530 3532 3532 3532 3534 3536 3520 3520 3522 3524 3524 3524 3526 3528 
3584 3584 3586 3588 3588 3588 3590 3592 3592 3592 3594 3596 3596 3596 3598 3600 3600 3600 3602 3604 3604 3604 3606 3608 3608 3608 3610 3612 3612 3612 3614 3616 3616 3616 3618 3620 3620 3620 3622 3624 3624 3624 3626 3628 3628 3628 3630 3632 3632 3632 3634 3636 3636 3636 3638 3640 3640 3640 3642 3644 3644 3644 3646 3648 
3656 3656 3658 3660 3660 3660 3662 3664 3648 3648 3650 3652 3652 3652 3654 3656 3672 3672 3674 3676 3676 3676 3678 3680 3664 3664 3666 3668 3668 3668 3670 3672 3688 3688 3690 3692 3692 3692 3694 3696 3680 3680 3682 3684 3684 3684 3686 3688 3704 3704 3706 3708 3708 3708 3710 3712 3696 3696 3698 3700 3700 3700 3702 3704 
3728 3728 3730 3732 3732 3732 3734 3736 3736 3736 3738 3740 3740 3740 3742 3744 3712 3712 3714 3716 3716 3716 3718 3720 3720 3720 3722 3724 3724 3724 3726 3728 3760 3760 3762 3764 3764 3764 3766 3768 3768 3768 3770 3772 3772 3772 3774 3776 3744 3744 3746 3748 3748 3748 3750 3752 3752 3752 3754 3756 3756 3756 3758 3760 
3800 3800 3802 3804 3804 3804 3806 3808 3792 3792 3794 3796 3796 3796 3798 3800 3784 3784 3786 3788 3788 3788 3790 3792 3776 3776 3778 3780 3780 3780 3782 3784 3832 3832 3834 3836 3836 3836 3838 3840 3824 3824 3826 3828 3828 3828 3830 3832 3816 3816 3818 3820 3820 3820 3822 3824 3808 3808 3810 3812 3812 3812 3814 3816 
3872 3872 3874 3876 3876 3876 3878 3880 3880 3880 3882 3884 3884 3884 3886 3888 3888 3888 3890 3892 3892 3892 3894 3896 3896 3896 3898 3900 3900 3900 3902 3904 3840 3840 3842 3844 3844 3844 3846 3848 3848 3848 3850 3852 3852 3852 3854 3856 3856 3856 3858 3860 3860 3860 3862 3864 3864 3864 3866 3868 3868 3868 3870 3872 
3944 3944 3946 3948 3948 3948 3950 3952 3936 3936 3938 3940 3940 3940 3942 3944 3960 3960 3962 3964 3964 3964 3966 3968 3952 3952 3954 3956 3956 3956 3958 3960 3912 3912 3914 3916 3916 3916 3918 3920 3904 3904 3906 3908 3908 3908 3910 3912 3928 3928 3930 3932 3932 3932 3934 3936 3920 3920 3922 3924 3924 3924 3926 3928 
4016 4016 4018 4020 4020 4020 4022 4024 4024 4024 4026 4028 4028 4028 4030 4032 4000 4000 4002 4004 4004 4004 4006 4008 4008 4008 4010 4012 4012 4012 4014 4016 3984 3984 3986 3988 3988 3988 3990 3992 3992 3992 3994 3996 3996 3996 3998 4000 3968 3968 3970 3972 3972 3972 3974 3976 3976 3976 3978 3980 3980 3980 3982 3984 
4088 4088 4090 4092 4092 4092 4094 4096 4080 4080 4082 4084 4084 4084 4086 4088 4072 4072 4074 4076 4076 4076 4078 4080 4064 4064 4066 4068 4068 4068 4070 4072 4056 4056 4058 4060 4060 4060 4062 4064 4048 4048 4050 4052 4052 4052 4054 4056 4040 4040 4042 4044 4044 4044 4046 4048 4032 4032 4034 4036 4036 4036 4038 4040 
4096 4096 4096 4100 4100 4100 4104 4104 4104 4104 4104 4108 4108 4108 4112 4112 4112 4112 4112 4116 4116 4116 4120 4120 4120 4120 4120 4124 4124 4124 4128 4128 4128 4128 4128 4132 4132 4132 4136 4136 4136 4136 4136 4140 4140 4140 4144 4144 4144 4144 4144 4148 4148 4148 4152 4152 4152 4152 4152 4156 4156 4156 4160 4160 
4168 4168 4168 4172 4172 4172 4176 4176 4160 4160 4160 4164 4164 4164 4168 4168 4184 4184 4184 4188 4188 4188 4192 4192 4176 4176 4176 4180 4180 4180 4184 4184 4200 4200 4200 4204 4204 4204 4208 4208 4192 4192 4192 4196 4196 4196 4200 4200 4216 4216 4216 4220 4220 4220 4224 4224 4208 4208 4208 4212 4212 4212 4216 4216 
4240 4240 4240 4244 4244 4244 4248 4248 4248 4248 4248 4252 4252 4252 4256 4256 4224 4224 4224 4228 4228 4228 4232 4232 4232 4232 4232 4236 4236 4236 4240 4240 4272 4272 4272 4276 4276 4276 4280 4280 4280 4280 4280 4284 4284 4284 4288 4288 4256 4256 4256 4260 4260 4260 4264 4264 4264 4264 4264 4268 4268 4268 4272 4272 
4312 4312 4312 4316 4316 4316 4320 4320 4304 4304 4304 4308 4308 4308 4312 4312 4296 4296 4296 4300 4300 4300 4304 4304 4288 4288 4288 4292 4292 4292 4296 4296 4344 4344 4344 4348 4348 4348 4352 4352 4336 4336 4336 4340 4340 4340 4344 4344 4328 4328 4328 4332 4332 4332 4336 4336 4320 4320 4320 4324 4324 4324 4328 4328 
4384 4384 4384 4388 4388 4388 4392 4392 4392 4392 4392 4396 4396 4396 4400 4400 4400 4400 4400 4404 4404 4404 4408 4408 4408 4408 4408 4412 4412 4412 4416 4416 4352 4352 4352 4356 4356 4356 4360 4360 4360 4360 4360 4364 4364 4364 4368 4368 4368 4368 4368 4372 4372 4372 4376 4376 4376 4376 4376 4380 4380 4380 4384 4384 
4456 4456 4456 4460 4460 4460 4464 4464 4448 4448 4448 4452 4452 4452 4456 4456 4472 4472 4472 4476 4476 4476 4480 4480 4464 4464 4464 4468 4468 4468 4472 4472 4424 4424 4424 4428 4428 4428 4432 4432 4416 4416 4416 4420 4420 4420 4424 4424 4440 4440 4440 4444 4444 4444 4448 4448 4432 4432 4432 4436 4436 4436 4440 4440 
4528 4528 4528 4532 4532 4532 4536 4536 4536 4536 4536 4540 4540 4540 4544 4544 4512 4512 4512 4516 4516 4516 4520 4520 4520 4520 4520 4524 4524 4524 4528 4528 4496 4496 4496 4500 4500 4500 4504 4504 4504 4504 4504 4508 4508 4508 4512 4512 4480 4480 4480 4484 4484 4484 4488 4488 4488 4488 4488 4492 4492 4492 4496 4496 
4600 4600 4600 4604 4604 4604 4608 4608 4592 4592 4592 4596 4596 4596 4600 4600 4584 4584 4584 4588 4588 4588 4592 4592 4576 4576 4576 4580 4580 4580 4584 4584 4568 4568 4568 4572 4572 4572 4576 4576 4560 4560 4560 4564 4564 4564 4568 4568 4552 4552 4552 4556 4556 4556 4560 4560 4544 4544 4544 4548 4548 4548 4552 4552 
4608 4608 4608 4612 4612 4612 4616 4616 4616 4616 4616 4620 4620 4620 4624 4624 4624 4624 4624 4628 4628 4628 4632 4632 4632 4632 4632 4636 4636 4636 4640 4640 4640 4640 4640 4644 4644 4644 4648 4648 4648 4648 4648 4652 4652 4652 4656 4656 4656 4656 4656 4660 4660 4660 4664 4664 4664 4664 4664 4668 4668 4668 4672 4672 
4680 4680 4680 4684 4684 4684 4688 4688 4672 4672 4672 4676 4676 4676 4680 4680 4696 4696 4696 4700 4700 4700 4704 4704 4688 4688 4688 4692 4692 4692 4696 4696 4712 4712 4712 4716 4716 4716 4720 4720 4704 4704 4704 4708 4708 4708 4712 4712 4728 4728 4728 4732 4732 4732 4736 4736 4720 4720 4720 4724 4724 4724 4728 4728 
4752 4752 4752 4756 4756 4756 4760 4760 4760 4760 4760 4764 4764 4764 4768 4768 4736 4736 4736 4740 4740 4740 4744 4744 4744 4744 4744 4748 4748 4748 4752 4752 4784 4784 4784 4788 4788 4788 4792 4792 4792 4792 4792 4796 4796 4796 4800 4800 4768 4768 4768 4772 4772 4772 4776 4776 4776 4776 4776 4780 4780 4780 4784 4784 
4824 4824 4824 4828 4828 4828 4832 4832 4816 4816 4816 4820 4820 4820 4824 4824 4808 4808 4808 4812 4812 4812 4816 4816 4800 4800 4800 4804 4804 4804 4808 4808 4856 4856 4856 4860 4860 4860 4864 4864 4848 4848 4848 4852 4852 4852 4856 4856 4840 4840 4840 4844 4844 4844 4848 4848 4832 4832 4832 4836 4836 4836 4840 4840 
4896 4896 4896 4900 4900 4900 4904 4904 4904 4904 4904 4908 4908 4908 4912 4912 4912 4912 4912 4916 4916 4916 4920 4920 4920 4920 4920 4924 4924 4924 4928 4928 4864 4864 4864 4868 4868 4868 4872 4872 4872 4872 4872 4876 4876 4876 4880 4880 4880 4880 4880 4884 4884 4884 4888 4888 4888 4888 4888 4892 4892 4892 4896 4896 
4968 4968 4968 4972 4972 4972 4976 4976 4960 4960 4960 4964 4964 4964 4968 4968 4984 4984 4984 4988 4988 4988 4992 4992 4976 4976 4976 4980 4980 4980 4984 4984 4936 4936 4936 4940 4940 4940 4944 4944 4928 4928 4928 4932 4932 4932 4936 4936 4952 4952 4952 4956 4956 4956 4960 4960 4944 4944 4944 4948 4948 4948 4952 4952 
5040 5040 5040 5044 5044 5044 5048 5048 5048 5048 5048 5052 5052 5052 5056 5056 5024 5024 5024 5028 5028 5028 5032 5032 5032 5032 5032 5036 5036 5036 5040 5040 5008 5008 5008 5012 5012 5012 5016 5016 5016 5016 5016 5020 5020 5020 5024 5024 4992 4992 4992 4996 4996 4996 5000 5000 5000 5000 5000 5004 5004 5004 5008 5008 
5112 5112 5112 5116 5116 5116 5120 5120 5104 5104 5104 5108 5108 5108 5112 5112 5096 5096 5096 5100 5100 5100 5104 5104 5088 5088 5088 5092 5092 5092 5096 5096 5080 5080 5080 5084 5084 5084 5088 5088 5072 5072 5072 5076 5076 5076 5080 5080 5064 5064 5064 5068 5068 5068 5072 5072 5056 5056 5056 5060 5060 5060 5064 5064 
5120 5120 5120 5124 5124 5124 5128 5128 5128 5128 5128 5132 5132 5132 5136 5136 5136 5136 5136 5140 5140 5140 5144 5144 5144 5144 5144 5148 5148 5148 5152 5152 5152 5152 5152 5156 5156 5156 5160 5160 5160 5160 5160 5164 5164 5164 5168 5168 5168 5168 5168 5172 5172 5172 5176 5176 5176 5176 5176 5180 5180 5180 5184 5184 
5192 5192 5192 5196 5196 5196 5200 5200 5184 5184 5184 5188 5188 5188 5192 5192 5208 5208 5208 5212 5212 5212 5216 5216 5200 5200 5200 5204 5204 5204 5208 5208 5224 5224 5224 5228 5228 5228 5232 5232 5216 5216 5216 5220 5220 5220 5224 5224 5240 5240 5240 5244 5244 5244 5248 5248 5232 5232 5232 5236 5236 5236 5240 5240 
5264 5264 5264 5268 5268 5268 5272 5272 5272 5272 5272 5276 5276 5276 5280 5280 5248 5248 5248 5252 5252 5252 5256 5256 5256 5256 5256 5260 5260 5260 5264 5264 5296 5296 5296 5300 5300 5300 5304 5304 5304 5304 5304 5308 5308 5308 5312 5312 5280 5280 5280 5284 5284 5284 5288 5288 5288 5288 5288 5292 5292 5292 5296 5296 
5336 5336 5336 5340 5340 5340 5344 5344 5328 5328 5328 5332 5332 5332 5336 5336 5320 5320 5320 5324 5324 5324 5328 5328 5312 5312 5312 5316 5316 5316 5320 5320 5368 5368 5368 5372 5372 5372 5376 5376 5360 5360 5360 5364 5364 5364 5368 5368 5352 5352 5352 5356 5356 5356 5360 5360 5344 5344 5344 5348 5348 5348 5352 5352 
5408 5408 5408 5412 5412 5412 5416 5416 5416 5416 5416 5420 5420 5420 5424 5424 5424 5424 5424 5428 5428 5428 5432 5432 5432 5432 5432 5436 5436 5436 5440 5440 5376 5376 5376 5380 5380 5380 5384 5384 5384 5384 5384 5388 5388 5388 5392 5392 5392 5392 5392 5396 5396 5396 5400 5400 5400 5400 5400 5404 5404 5404 5408 5408 
5480 5480 5480 5484 5484 5484 5488 5488 5472 5472 5472 5476 5476 5476 5480 5480 5496 5496 5496 5500 5500 5500 5504 5504 5488 5488 5488 5492 5492 5492 5496 5496 5448 5448 5448 5452 5452 5452 5456 5456 5440 5440 5440 5444 5444 5444 5448 5448 5464 5464 5464 5468 5468 5468 5472 5472 5456 5456 5456 5460 5460 5460 5464 5464 
5552 5552 5552 5556 5556 5556 5560 5560 5560 5560 5560 5564 5564 5564 5568 5568 5536 5536 5536 5540 5540 5540 5544 5544 5544 5544 5544 5548 5548 5548 5552 5552 5520 5520 5520 5524 5524 5524 5528 5528 5528 5528 5528 5532 5532 5532 5536 5536 5504 5504 5504 5508 5508 5508 5512 5512 5512 5512 5512 5516 5516 5516 5520 5520 
5624 5624 5624 5628 5628 5628 5632 5632 5616 5616 5616 5620 5620 5620 5624 5624 5608 5608 5608 5612 5612 5612 5616 5616 5600 5600 5600 5604 5604 5604 5608 5608 5592 5592 5592 5596 5596 5596 5600 5600 5584 5584 5584 5588 5588 5588 5592 5592 5576 5576 5576 5580 5580 5580 5584 5584 5568 5568 5568 5572 5572 5572 5576 5576 
5632 5632 5632 5636 5636 5636 5640 5640 5640 5640 5640 5644 5644 5644 5648 5648 5648 5648 5648 5652 5652 5652 5656 5656 5656 5656 5656 5660 5660 5660 5664 5664 5664 5664 5664 5668 5668 5668 5672 5672 5672 5672 5672 5676 5676 5676 5680 5680 5680 5680 5680 5684 5684 5684 5688 5688 5688 5688 5688 5692 5692 5692 5696 5696 
5704 5704 5704 5708 5708 5708 5712 5712 5696 5696 5696 5700 5700 5700 5704 5704 5720 5720 5720 5724 5724 5724 5728 5728 5712 5712 5712 5716 5716 5716 5720 5720 5736 5736 5736 5740 5740 5740 5744 5744 5728 5728 5728 5732 5732 5732 5736 5736 5752 5752 5752 5756 5756 5756 5760 5760 5744 5744 5744 5748 5748 5748 5752 5752 
5776 5776 5776 5780 5780 5780 5784 5784 5784 5784 5784 5788 5788 5788 5792 5792 5760 5760 5760 5764 5764 5764 5768 5768 5768 5768 5768 5772 5772 5772 5776 5776 5808 5808 5808 5812 5812 5812 5816 5816 5816 5816 5816 5820 5820 5820 5824 5824 5792 5792 5792 5796 5796 5796 5800 5800 5800 5800 5800 5804 5804 5804 5808 5808 
5848 5848 5848 5852 5852 5852 5856 5856 5840 5840 5840 5844 5844 5844 5848 5848 5832 5832 5832 5836 5836 5836 5840 5840 5824 5824 5824 5828 5828 5828 5832 5832 5880 5880 5880 5884 5884 5884 5888 5888 5872 5872 5872 5876 5876 5876 5880 5880 5864 5864 5864 5868 5868 5868 5872 5872 5856 5856 5856 5860 5860 5860 5864 5864 
5920 5920 5920 5924 5924 5924 5928 5928 5928 5928 5928 5932 5932 5932 5936 5936 5936 5936 5936 5940 5940 5940 5944 5944 5944 5944 5944 5948 5948 5948 5952 5952 5888 5888 5888 5892 5892 5892 5896 5896 5896 5896 5896 5900 5900 5900 5904 5904 5904 5904 5904 5908 5908 5908 5912 5912 5912 5912 5912 5916 5916 5916 5920 5920 
5992 5992 5992 5996 5996 5996 6000 6000 5984 5984 5984 5988 5988 5988 5992 5992 6008 6008 6008 6012 6012 6012 6016 6016 6000 6000 6000 6004 6004 6004 6008 6008 5960 5960 5960 5964 5964 5964 5968 5968 5952 5952 5952 5956 5956 5956 5960 5960 5976 5976 5976 5980 5980 5980 5984 5984 5968 5968 5968 5972 5972 5972 5976 5976 
6064 6064 6064 6068 6068 6068 6072 6072 6072 6072 6072 6076 6076 6076 6080 6080 6048 6048 6048 6052 6052 6052 6056 6056 6056 6056 6056 6060 6060 6060 6064 6064 6032 6032 6032 6036 6036 6036 6040 6040 6040 6040 6040 6044 6044 6044 6048 6048 6016 6016 6016 6020 6020 6020 6024 6024 6024 6024 6024 6028 6028 6028 6032 6032 
6136 6136 6136 6140 6140 6140 6144 6144 6128 6128 6128 6132 6132 6132 6136 6136 6120 6120 6120 6124 6124 6124 6128 6128 6112 6112 6112 6116 6116 6116 6120 6120 6104 6104 6104 6108 6108 6108 6112 6112 6096 6096 6096 6100 6100 6100 6104 6104 6088 6088 6088 6092 6092 6092 6096 6096 6080 6080 6080 6084 6084 6084 6088 6088 
6144 6144 6144 6148 6148 6148 6152 6152 6152 6152 6152 6156 6156 6156 6160 6160 6160 6160 6160 6164 6164 6164 6168 6168 6168 6168 6168 6172 6172 6172 6176 6176 6176 6176 6176 6180 6180 6180 6184 6184 6184 6184 6184 6188 6188 6188 6192 6192 6192 6192 6192 6196 6196 6196 6200 6200 6200 6200 6200 6204 6204 6204 6208 6208 
6216 6216 6216 6220 6220 6220 6224 6224 6208 6208 6208 6212 6212 6212 6216 6216 6232 6232 6232 6236 6236 6236 6240 6240 6224 6224 6224 6228 6228 6228 6232 6232 6248 6248 6248 6252 6252 6252 6256 6256 6240 6240 6240 6244 6244 6244 6248 6248 6264 6264 6264 6268 6268 6268 6272 6272 6256 6256 6256 6260 6260 6260 6264 6264 
6288 6288 6288 6292 6292 6292 6296 6296 6296 6296 6296 6300 6300 6300 6304 6304 6272 6272 6272 6276 6276 6276 6280 6280 6280 6280 6280 6284 6284 6284 6288 6288 6320 6320 6320 6324 6324 6324 6328 6328 6328 6328 6328 6332 6332 6332 6336 6336 6304 6304 6304 6308 6308 6308 6312 6312 6312 6312 6312 6316 6316 6316 6320 6320 
6360 6360 6360 6364 6364 6364 6368 6368 6352 6352 6352 6356 6356 6356 6360 6360 6344 6344 6344 6348 6348 6348 6352 6352 6336 6336 6336 6340 6340 6340 6344 6344 6392 6392 6392 6396 6396 6396 6400 6400 6384 6384 6384 6388 6388 6388 6392 6392 6376 6376 6376 6380 6380 6380 6384 6384 6368 6368 6368 6372 6372 6372 6376 6376 
6432 6432 6432 6436 6436 6436 6440 6440 6440 6440 6440 6444 6444 6444 6448 6448 6448 6448 6448 6452 6452 6452 6456 6456 6456 6456 6456 6460 6460 6460 6464 6464 6400 6400 6400 6404 6404 6404 6408 6408 6408 6408 6408 6412 6412 6412 6416 6416 6416 6416 6416 6420 6420 6420 6424 6424 6424 6424 6424 6428 6428 6428 6432 6432 
6504 6504 6504 6508 6508 6508 6512 6512 6496 6496 6496 6500 6500 6500 6504 6504 6520 6520 6520 6524 6524 6524 6528 6528 6512 6512 6512 6516 6516 6516 6520 6520 6472 6472 6472 6476 6476 6476 6480 6480 6464 6464 6464 6468 6468 6468 6472 6472 6488 6488 6488 6492 6492 6492 6496 6496 6480 6480 6480 6484 6484 6484 6488 6488 
6576 6576 6576 6580 6580 6580 6584 6584 6584 6584 6584 6588 6588 6588 6592 6592 6560 6560 6560 6564 6564 6564 6568 6568 6568 6568 6568 6572 6572 6572 6576 6576 6544 6544 6544 6548 6548 6548 6552 6552 6552 6552 6552 6556 6556 6556 6560 6560 6528 6528 6528 6532 6532 6532 6536 6536 6536 6536 6536 6540 6540 6540 6544 6544 
6648 6648 6648 6652 6652 6652 6656 6656 6640 6640 6640 6644 6644 6644 6648 6648 6632 6632 6632 6636 6636 6636 6640 6640 6624 6624 6624 6628 6628 6628 6632 6632 6616 6616 6616 6620 6620 6620 6624 6624 6608 6608 6608 6612 6612 6612 6616 6616 6600 6600 6600 6604 6604 6604 6608 6608 6592 6592 6592 6596 6596 6596 6600 6600 
6656 6656 6656 6660 6660 6660 6664 6664 6664 6664 6664 6668 6668 6668 6672 6672 6672 6672 6672 6676 6676 6676 6680 6680 6680 6680 6680 6684 6684 6684 6688 6688 6688 6688 6688 6692 6692 6692 6696 6696 6696 6696 6696 6700 6700 6700 6704 6704 6704 6704 6704 6708 6708 6708 6712 6712 6712 6712 6712 6716 6716 6716 6720 6720 
6728 6728 6728 6732 6732 6732 6736 6736 6720 6720 6720 6724 6724 6724 6728 6728 6744 6744 6744 6748 6748 6748 6752 6752 6736 6736 6736 6740 6740 6740 6744 6744 6760 6760 6760 6764 6764 6764 6768 6768 6752 6752 6752 6756 6756 6756 6760 6760 6776 6776 6776 6780 6780 6780 6784 6784 6768 6768 6768 6772 6772 6772 6776 6776 
6800 6800 6800 6804 6804 6804 6808 6808 6808 6808 6808 6812 6812 6812 6816 6816 6784 6784 6784 6788 6788 6788 6792 6792 6792 6792 6792 6796 6796 6796 6800 6800 6832 6832 6832 6836 6836 6836 6840 6840 6840 6840 6840 6844 6844 6844 6848 6848 6816 6816 6816 6820 6820 6820 6824 6824 6824 6824 6824 6828 6828 6828 6832 6832 
6872 6872 6872 6876 6876 6876 6880 6880 6864 6864 6864 6868 6868 6868 6872 6872 6856 6856 6856 6860 6860 6860 6864 6864 6848 6848 6848 6852 6852 6852 6856 6856 6904 6904 6904 6908 6908 6908 6912 6912 6896 6896 6896 6900 6900 6900 6904 6904 6888 6888 6888 6892 6892 6892 6896 6896 6880 6880 6880 6884 6884 6884 6888 6888 
6944 6944 6944 6948 6948 6948 6952 6952 6952 6952 6952 6956 6956 6956 6960 6960 6960 6960 6960 6964 6964 6964 6968 6968 6968 6968 6968 6972 6972 6972 6976 6976 6912 6912 6912 6916 6916 6916 6920 6920 6920 6920 6920 6924 6924 6924 6928 6928 6928 6928 6928 6932 6932 6932 6936 6936 6936 6936 6936 6940 6940 6940 6944 6944 
7016 7016 7016 7020 7020 7020 7024 7024 7008 7008 7008 7012 7012 7012 7016 7016 7032 7032 7032 7036 7036 7036 7040 7040 7024 7024 7024 7028 7028 7028 7032 7032 6984 6984 6984 6988 6988 6988 6992 6992 6976 6976 6976 6980 6980 6980 6984 6984 7000 7000 7000 7004 7004 7004 7008 7008 6992 6992 6992 6996 6996 6996 7000 7000 
7088 7088 7088 7092 7092 7092 7096 7096 7096 7096 7096 7100 7100 7100 7104 7104 7072 7072 7072 7076 7076 7076 7080 7080 7080 7080 7080 7084 7084 7084 7088 7088 7056 7056 7056 7060 7060 7060 7064 7064 7064 7064 7064 7068 7068 7068 7072 7072 7040 7040 7040 7044 7044 7044 7048 7048 7048 7048 7048 7052 7052 7052 7056 7056 
7160 7160 7160 7164 7164 7164 7168 7168 7152 7152 7152 7156 7156 7156 7160 7160 7144 7144 7144 7148 7148 7148 7152 7152 7136 7136 7136 7140 7140 7140 7144 7144 7128 7128 7128 7132 7132 7132 7136 7136 7120 7120 7120 7124 7124 7124 7128 7128 7112 7112 7112 7116 7116 7116 7120 7120 7104 7104 7104 7108 7108 7108 7112 7112 
7168 7168 7168 7172 7172 7172 7176 7176 7176 7176 7176 7180 7180 7180 7184 7184 7184 7184 7184 7188 7188 7188 7192 7192 7192 7192 7192 7196 7196 7196 7200 7200 7200 7200 7200 7204 7204 7204 7208 7208 7208 7208 7208 7212 7212 7212 7216 7216 7216 7216 7216 7220 7220 7220 7224 7224 7224 7224 7224 7228 7228 7228 7232 7232 
7240 7240 7240 7244 7244 7244 7248 7248 7232 7232 7232 7236 7236 7236 7240 7240 7256 7256 7256 7260 7260 7260 7264 7264 7248 7248 7248 7252 7252 7252 7256 7256 7272 7272 7272 7276 7276 7276 7280 7280 7264 7264 7264 7268 7268 7268 7272 7272 7288 7288 7288 7292 7292 7292 7296 7296 7280 7280 7280 7284 7284 7284 7288 7288 
7312 7312 7312 7316 7316 7316 7320 7320 7320 7320 7320 7324 7324 7324 7328 7328 7296 7296 7296 7300 7300 7300 7304 7304 7304 7304 7304 7308 7308 7308 7312 7312 7344 7344 7344 7348 7348 7348 7352 7352 7352 7352 7352 7356 7356 7356 7360 7360 7328 7328 7328 7332 7332 7332 7336 7336 7336 7336 7336 7340 7340 7340 7344 7344 
7384 7384 7384 7388 7388 7388 7392 7392 7376 7376 7376 7380 7380 7380 7384 7384 7368 7368 7368 7372 7372 7372 7376 7376 7360 7360 7360 7364 7364 7364 7368 7368 7416 7416 7416 7420 7420 7420 7424 7424 7408 7408 7408 7412 7412 7412 7416 7416 7400 7400 7400 7404 7404 7404 7408 7408 7392 7392 7392 7396 7396 7396 7400 7400 
7456 7456 7456 7460 7460 7460 7464 7464 7464 7464 7464 7468 7468 7468 7472 7472 7472 7472 7472 7476 7476 7476 7480 7480 7480 7480 7480 7484 7484 7484 7488 7488 7424 7424 7424 7428 7428 7428 7432 7432 7432 7432 7432 7436 7436 7436 7440 7440 7440 7440 7440 7444 7444 7444 7448 7448 7448 7448 7448 7452 7452 7452 7456 7456 
7528 7528 7528 7532 7532 7532 7536 7536 7520 7520 7520 7524 7524 7524 7528 7528 7544 7544 7544 7548 7548 7548 7552 7552 7536 7536 7536 7540 7540 7540 7544 7544 7496 7496 7496 7500 7500 7500 7504 7504 7488 7488 7488 7492 7492 7492 7496 7496 7512 7512 7512 7516 7516 7516 7520 7520 7504 7504 7504 7508 7508 7508 7512 7512 
7600 7600 7600 7604 7604 7604 7608 7608 7608 7608 7608 7612 7612 7612 7616 7616 7584 7584 7584 7588 7588 7588 7592 7592 7592 7592 7592 7596 7596 7596 7600 7600 7568 7568 7568 7572 7572 7572 7576 7576 7576 7576 7576 7580 7580 7580 7584 7584 7552 7552 7552 7556 7556 7556 7560 7560 7560 7560 7560 7564 7564 7564 7568 7568 
7672 7672 7672 7676 7676 7676 7680 7680 7664 7664 7664 7668 7668 7668 7672 7672 7656 7656 7656 7660 7660 7660 7664 7664 7648 7648 7648 7652 7652 7652 7656 7656 7640 7640 7640 7644 7644 7644 7648 7648 7632 7632 7632 7636 7636 7636 7640 7640 7624 7624 7624 7628 7628 7628 7632 7632 7616 7616 7616 7620 7620 7620 7624 7624 
7680 7680 7680 7684 7684 7684 7688 7688 7688 7688 7688 7692 7692 7692 7696 7696 7696 7696 7696 7700 7700 7700 7704 7704 7704 7704 7704 7708 7708 7708 7712 7712 7712 7712 7712 7716 7716 7716 7720 7720 7720 7720 7720 7724 7724 7724 7728 7728 7728 7728 7728 7732 7732 7732 7736 7736 7736 7736 7736 7740 7740 7740 7744 7744 
7752 7752 7752 7756 7756 7756 7760 7760 7744 7744 7744 7748 7748 7748 7752 7752 7768 7768 7768 7772 7772 7772 7776 7776 7760 7760 7760 7764 7764 7764 7768 7768 7784 7784 7784 7788 7788 7788 7792 7792 7776 7776 7776 7780 7780 7780 7784 7784 7800 7800 7800 7804 7804 7804 7808 7808 7792 7792 7792 7796 7796 7796 7800 7800 
7824 7824 7824 7828 7828 7828 7832 7832 7832 7832 7832 7836 7836 7836 7840 7840 7808 7808 7808 7812 7812 7812 7816 7816 7816 7816 7816 7820 7820 7820 7824 7824 7856 7856 7856 7860 7860 7860 7864 7864 7864 7864 7864 7868 7868 7868 7872 7872 7840 7840 7840 7844 7844 7844 7848 7848 7848 7848 7848 7852 7852 7852 7856 7856 
7896 7896 7896 7900 7900 7900 7904 7904 7888 7888 7888 7892 7892 7892 7896 7896 7880 7880 7880 7884 7884 7884 7888 7888 7872 7872 7872 7876 7876 7876 7880 7880 7928 7928 7928 7932 7932 7932 7936 7936 7920 7920 7920 7924 7924 7924 7928 7928 7912 7912 7912 7916 7916 7916 7920 7920 7904 7904 7904 7908 7908 7908 7912 7912 
7968 7968 7968 7972 7972 7972 7976 7976 7976 7976 7976 7980 7980 7980 7984 7984 7984 7984 7984 7988 7988 7988 7992 7992 7992 7992 7992 7996 7996 7996 8000 8000 7936 7936 7936 7940 7940 7940 7944 7944 7944 7944 7944 7948 7948 7948 7952 7952 7952 7952 7952 7956 7956 7956 7960 7960 7960 7960 7960 7964 7964 7964 7968 7968 
8040 8040 8040 8044 8044 8044 8048 8048 8032 8032 8032 8036 8036 8036 8040 8040 8056 8056 8056 8060 8060 8060 8064 8064 8048 8048 8048 8052 8052 8052 8056 8056 8008 8008 8008 8012 8012 8012 8016 8016 8000 8000 8000 8004 8004 8004 8008 8008 8024 8024 8024 8028 8028 8028 8032 8032 8016 8016 8016 8020 8020 8020 8024 8024 
8112 8112 8112 8116 8116 8116 8120 8120 8120 8120 8120 8124 8124 8124 8128 8128 8096 8096 8096 8100 8100 8100 8104 8104 8104 8104 8104 8108 8108 8108 8112 8112 8080 8080 8080 8084 8084 8084 8088 8088 8088 8088 8088 8092 8092 8092 8096 8096 8064 8064 8064 8068 8068 8068 8072 8072 8072 8072 8072 8076 8076 8076 8080 8080 
8184 8184 8184 8188 8188 8188 8192 8192 8176 8176 8176 8180 8180 8180 8184 8184 8168 8168 8168 8172 8172 8172 8176 8176 8160 8160 8160 8164 8164 8164 8168 8168 8152 8152 8152 8156 8156 8156 8160 8160 8144 8144 8144 8148 8148 8148 8152 8152 8136 8136 8136 8140 8140 8140 8144 8144 8128 8128 8128 8132 8132 8132 8136 8136 
thr_mma:	ThrMMA
  Thr VMNK: (0,_0,_0,_0)
TiledMMA
  ThrLayoutVMNK:  (_128,_1,_1,_1):(_1,_0,_0,_0)
  PermutationMNK: (_,_,_)
MMA_Atom
  ThrID:      _128:_1
  Shape_MNK:  (_64,_64,_16)
  LayoutA_TV: (_128,(_64,_16)):(_0,(_1,_64))
  LayoutB_TV: (_128,(_64,_16)):(_0,(_1,_64))
  LayoutC_TV: ((_4,_8,_4),(_2,_2,_8)):((_128,_1,_16),(_64,_8,_512))

tCsA:	Sw<3,4,3>_smem_ptr[16b](0x7f1d00000400) o ((_64,_16),_2,_4,(_1,_1)):((_64,_1),_4096,_16,(_0,_0))
W:	8
u128_tensor:	Sw<3,4,3>_smem_ptr[128b](0x7f1d00000400) o ((_64,_2),_2,_4,(_1,_1)):((_8,_1),_512,_2,(_0,_0))
canonical_layout:	((_8,(_8,_2)),(_2,_1),_4,(_1,_1)):((_8,(_64,_1)),(_512,_0),_2,(_0,_0))
/home/jeromeku/transformerengine/3rdparty/cutlass/include/cute/atom/mma_traits_sm90_gmma.hpp:291:
u128tensor:	Sw<3,4,3>_smem_ptr[128b](0x7f1d00000400) o (_64,_2):(_8,_1)
canonical_layout:	((_8,_8),(_2,_1)):((_8,_64),(_1,_0))
stride_01(SBO): 64
stride_10(LBO): 1
tCrA:	GMMA::DescriptorIterator o (_1,_2,_4,(_1,_1)):(_0,_512,_2,(_0,_0))
